[    1495ms] [ERROR] Failed to load resource: the server responded with a status of 404 () @ https://co.pinterest.com/secure/unauth_user_data/:0
[    1526ms] [WARNING] [GSI_LOGGER]: Your client application uses one of the Google One Tap prompt UI status methods that may stop functioning when FedCM becomes mandatory. Refer to the migration guide to update your code accordingly and opt-in to FedCM to test your changes. Learn more: https://developers.google.com/identity/gsi/web/guides/fedcm-migration?s=dc#display_moment and https://developers.google.com/identity/gsi/web/guides/fedcm-migration?s=dc#skipped_moment @ https://accounts.google.com/gsi/client?hl=es:86
[    5202ms] Error: Minified React error #308; visit https://react.dev/errors/308 for the full message or use the non-minified dev environment for full errors and additional helpful warnings.
    at rX (https://s2.pinimg.com/webapp/vendor-react-08dc5f7c50f200fd.mjs:8:33653)
    at rY (https://s2.pinimg.com/webapp/vendor-react-08dc5f7c50f200fd.mjs:8:33484)
    at Object.iu [as use] (https://s2.pinimg.com/webapp/vendor-react-08dc5f7c50f200fd.mjs:8:47893)
    at t.use (https://s2.pinimg.com/webapp/vendor-react-08dc5f7c50f200fd.mjs:9:119209)
    at u (https://s2.pinimg.com/webapp/31033.es_ES-096819a95ded73b7.mjs:16:77362)
    at A (https://s2.pinimg.com/webapp/31033.es_ES-096819a95ded73b7.mjs:16:41565)
    at O (https://s2.pinimg.com/webapp/68644-01f17999f8da937a.mjs:1:21543)
    at at.<anonymous> (https://s2.pinimg.com/webapp/GoogleOneTap.es_ES-c6c4772b3ba3a35e.mjs:1:11799)
    at bv (https://accounts.google.com/gsi/client?hl=es:377:140)
    at _.Su.fa (https://accounts.google.com/gsi/client?hl=es:349:469)
[   13569ms] [ERROR] Access to XMLHttpRequest at 'https://trk.pinterest.com/ruma/v1/emit_metrics' from origin 'https://co.pinterest.com' has been blocked by CORS policy: No 'Access-Control-Allow-Origin' header is present on the requested resource. @ https://co.pinterest.com/:0
[   13569ms] [ERROR] Failed to load resource: net::ERR_FAILED @ https://trk.pinterest.com/ruma/v1/emit_metrics:0
[   16578ms] [WARNING] The resource https://i.pinimg.com/236x/74/09/1e/74091eeaf8828f72ce1f9be994fc983a.jpg was preloaded using link preload but not used within a few seconds from the window's load event. Please make sure it has an appropriate `as` value and it is preloaded intentionally. @ https://co.pinterest.com/:0
[   16578ms] [WARNING] The resource https://i.pinimg.com/236x/91/3e/6a/913e6a852dfb8cb71fb7c39d499e6173.jpg was preloaded using link preload but not used within a few seconds from the window's load event. Please make sure it has an appropriate `as` value and it is preloaded intentionally. @ https://co.pinterest.com/:0
[   16578ms] [WARNING] The resource https://i.pinimg.com/236x/4a/a5/2e/4aa52ea81aee43094ce3e8907abd513c.jpg was preloaded using link preload but not used within a few seconds from the window's load event. Please make sure it has an appropriate `as` value and it is preloaded intentionally. @ https://co.pinterest.com/:0
[   16578ms] [WARNING] The resource https://i.pinimg.com/236x/b5/48/2c/b5482c837f677a02616df1bc46dc4666.jpg was preloaded using link preload but not used within a few seconds from the window's load event. Please make sure it has an appropriate `as` value and it is preloaded intentionally. @ https://co.pinterest.com/:0
[   16578ms] [WARNING] The resource https://i.pinimg.com/236x/11/44/34/114434511e25f358e821adeb1c6bdd72.jpg was preloaded using link preload but not used within a few seconds from the window's load event. Please make sure it has an appropriate `as` value and it is preloaded intentionally. @ https://co.pinterest.com/:0
[   16578ms] [WARNING] The resource https://i.pinimg.com/236x/e3/1f/17/e31f17b45a867a540caac1ee28b0b5b9.jpg was preloaded using link preload but not used within a few seconds from the window's load event. Please make sure it has an appropriate `as` value and it is preloaded intentionally. @ https://co.pinterest.com/:0
[   16578ms] [WARNING] The resource https://i.pinimg.com/236x/f1/e8/4f/f1e84f6313f6056e9504c9688c10049a.jpg was preloaded using link preload but not used within a few seconds from the window's load event. Please make sure it has an appropriate `as` value and it is preloaded intentionally. @ https://co.pinterest.com/:0
[   16579ms] [WARNING] The resource https://i.pinimg.com/236x/6b/9d/a4/6b9da44ea5ae73c60c1b3f1d064120c6.jpg was preloaded using link preload but not used within a few seconds from the window's load event. Please make sure it has an appropriate `as` value and it is preloaded intentionally. @ https://co.pinterest.com/:0
[   16579ms] [WARNING] The resource https://i.pinimg.com/236x/c4/a5/e9/c4a5e9badeafedfb63f8a9f2bc8fe012.jpg was preloaded using link preload but not used within a few seconds from the window's load event. Please make sure it has an appropriate `as` value and it is preloaded intentionally. @ https://co.pinterest.com/:0
[   22386ms] [WARNING] The resource https://i.pinimg.com/236x/74/09/1e/74091eeaf8828f72ce1f9be994fc983a.jpg was preloaded using link preload but not used within a few seconds from the window's load event. Please make sure it has an appropriate `as` value and it is preloaded intentionally. @ https://co.pinterest.com/:0
[   22386ms] [WARNING] The resource https://i.pinimg.com/236x/91/3e/6a/913e6a852dfb8cb71fb7c39d499e6173.jpg was preloaded using link preload but not used within a few seconds from the window's load event. Please make sure it has an appropriate `as` value and it is preloaded intentionally. @ https://co.pinterest.com/:0
[   22386ms] [WARNING] The resource https://i.pinimg.com/236x/4a/a5/2e/4aa52ea81aee43094ce3e8907abd513c.jpg was preloaded using link preload but not used within a few seconds from the window's load event. Please make sure it has an appropriate `as` value and it is preloaded intentionally. @ https://co.pinterest.com/:0
[   22386ms] [WARNING] The resource https://i.pinimg.com/236x/b5/48/2c/b5482c837f677a02616df1bc46dc4666.jpg was preloaded using link preload but not used within a few seconds from the window's load event. Please make sure it has an appropriate `as` value and it is preloaded intentionally. @ https://co.pinterest.com/:0
[   22386ms] [WARNING] The resource https://i.pinimg.com/236x/11/44/34/114434511e25f358e821adeb1c6bdd72.jpg was preloaded using link preload but not used within a few seconds from the window's load event. Please make sure it has an appropriate `as` value and it is preloaded intentionally. @ https://co.pinterest.com/:0
[   22386ms] [WARNING] The resource https://i.pinimg.com/236x/e3/1f/17/e31f17b45a867a540caac1ee28b0b5b9.jpg was preloaded using link preload but not used within a few seconds from the window's load event. Please make sure it has an appropriate `as` value and it is preloaded intentionally. @ https://co.pinterest.com/:0
[   22386ms] [WARNING] The resource https://i.pinimg.com/236x/f1/e8/4f/f1e84f6313f6056e9504c9688c10049a.jpg was preloaded using link preload but not used within a few seconds from the window's load event. Please make sure it has an appropriate `as` value and it is preloaded intentionally. @ https://co.pinterest.com/:0
[   22386ms] [WARNING] The resource https://i.pinimg.com/236x/6b/9d/a4/6b9da44ea5ae73c60c1b3f1d064120c6.jpg was preloaded using link preload but not used within a few seconds from the window's load event. Please make sure it has an appropriate `as` value and it is preloaded intentionally. @ https://co.pinterest.com/:0
[   22386ms] [WARNING] The resource https://i.pinimg.com/236x/c4/a5/e9/c4a5e9badeafedfb63f8a9f2bc8fe012.jpg was preloaded using link preload but not used within a few seconds from the window's load event. Please make sure it has an appropriate `as` value and it is preloaded intentionally. @ https://co.pinterest.com/:0
[   25693ms] [WARNING] The resource https://i.pinimg.com/236x/74/09/1e/74091eeaf8828f72ce1f9be994fc983a.jpg was preloaded using link preload but not used within a few seconds from the window's load event. Please make sure it has an appropriate `as` value and it is preloaded intentionally. @ https://co.pinterest.com/:0
[   25693ms] [WARNING] The resource https://i.pinimg.com/236x/91/3e/6a/913e6a852dfb8cb71fb7c39d499e6173.jpg was preloaded using link preload but not used within a few seconds from the window's load event. Please make sure it has an appropriate `as` value and it is preloaded intentionally. @ https://co.pinterest.com/:0
[   25693ms] [WARNING] The resource https://i.pinimg.com/236x/4a/a5/2e/4aa52ea81aee43094ce3e8907abd513c.jpg was preloaded using link preload but not used within a few seconds from the window's load event. Please make sure it has an appropriate `as` value and it is preloaded intentionally. @ https://co.pinterest.com/:0
[   25693ms] [WARNING] The resource https://i.pinimg.com/236x/b5/48/2c/b5482c837f677a02616df1bc46dc4666.jpg was preloaded using link preload but not used within a few seconds from the window's load event. Please make sure it has an appropriate `as` value and it is preloaded intentionally. @ https://co.pinterest.com/:0
[   25693ms] [WARNING] The resource https://i.pinimg.com/236x/11/44/34/114434511e25f358e821adeb1c6bdd72.jpg was preloaded using link preload but not used within a few seconds from the window's load event. Please make sure it has an appropriate `as` value and it is preloaded intentionally. @ https://co.pinterest.com/:0
[   25693ms] [WARNING] The resource https://i.pinimg.com/236x/e3/1f/17/e31f17b45a867a540caac1ee28b0b5b9.jpg was preloaded using link preload but not used within a few seconds from the window's load event. Please make sure it has an appropriate `as` value and it is preloaded intentionally. @ https://co.pinterest.com/:0
[   25693ms] [WARNING] The resource https://i.pinimg.com/236x/f1/e8/4f/f1e84f6313f6056e9504c9688c10049a.jpg was preloaded using link preload but not used within a few seconds from the window's load event. Please make sure it has an appropriate `as` value and it is preloaded intentionally. @ https://co.pinterest.com/:0
[   25693ms] [WARNING] The resource https://i.pinimg.com/236x/6b/9d/a4/6b9da44ea5ae73c60c1b3f1d064120c6.jpg was preloaded using link preload but not used within a few seconds from the window's load event. Please make sure it has an appropriate `as` value and it is preloaded intentionally. @ https://co.pinterest.com/:0
[   25693ms] [WARNING] The resource https://i.pinimg.com/236x/c4/a5/e9/c4a5e9badeafedfb63f8a9f2bc8fe012.jpg was preloaded using link preload but not used within a few seconds from the window's load event. Please make sure it has an appropriate `as` value and it is preloaded intentionally. @ https://co.pinterest.com/:0
