[    1268ms] [WARNING] [Meta Pixel] - Duplicate Pixel ID: 930987978489178. @ https://connect.facebook.net/en_US/fbevents.js:187
[    2400ms] [ERROR] Failed to load resource: the server responded with a status of 400 () @ https://api.canny.io/api/users/identify:0
[    2400ms] [WARNING] Canny: Something went wrong identifying user:  server error @ https://canny.io/sdk.js:0
[   65530ms] [ERROR] TypeError: Cannot read properties of undefined (reading 'preventDefault')
    at prevent (https://assets.mailerlite.com/build/assets/vendor-vue-ChB3Ab8T.js:18:19915)
    at n.<computed>.n.<computed> (https://assets.mailerlite.com/build/assets/vendor-vue-ChB3Ab8T.js:18:20350)
    at kn (https://assets.mailerlite.com/build/assets/vendor-vue-ChB3Ab8T.js:13:1385)
    at ct (https://assets.mailerlite.com/build/assets/vendor-vue-ChB3Ab8T.js:13:1455)
    at cg (https://assets.mailerlite.com/build/assets/vendor-vue-ChB3Ab8T.js:14:32564)
    at Proxy.emitClick (https://assets.mailerlite.com/build/assets/app-CeqzIG7g.js:48:515498)
    at eval (eval at <anonymous> (eval at evaluate (:303:30)), <anonymous>:1:172)
    at eval (eval at evaluate (:303:30), <anonymous>:4:50)
    at UtilityScript.evaluate (<anonymous>:305:16)
    at UtilityScript.<anonymous> (<anonymous>:1:44) @ https://assets.mailerlite.com/build/assets/vendor-vue-ChB3Ab8T.js:12
[  177535ms] [WARNING] [Meta Pixel] - Duplicate Pixel ID: 930987978489178. @ https://connect.facebook.net/en_US/fbevents.js:187
[  180698ms] Uncaught (in promise) TypeError: Cannot read properties of null (reading 'querySelectorAll')
    at <anonymous> (https://www.redditstatic.com/ads/pixel.js:0:50376)
    at <anonymous> (https://www.redditstatic.com/ads/pixel.js:0:47918)
    at <anonymous> (https://www.redditstatic.com/ads/pixel.js:0:48761)
    at ae (https://www.redditstatic.com/ads/pixel.js:0:49960)
    at u (https://www.redditstatic.com/ads/pixel.js:0:50929)
    at <anonymous> (https://www.redditstatic.com/ads/pixel.js:0:50990)
    at le (https://www.redditstatic.com/ads/pixel.js:0:50870)
    at le (https://www.redditstatic.com/ads/pixel.js:0:51006)
    at ce (https://www.redditstatic.com/ads/pixel.js:0:50208)
    at <anonymous> (https://www.redditstatic.com/ads/pixel.js:0:59229)
    at <anonymous> (https://www.redditstatic.com/ads/pixel.js:0:57458)
    at <anonymous> (https://www.redditstatic.com/ads/pixel.js:0:58301)
    at je (https://www.redditstatic.com/ads/pixel.js:0:58483)
    at u (https://www.redditstatic.com/ads/pixel.js:0:58686)
    at <anonymous> (https://www.redditstatic.com/ads/pixel.js:0:58747)
    at <anonymous> (https://www.redditstatic.com/ads/pixel.js:0:58627)
    at De (https://www.redditstatic.com/ads/pixel.js:0:59396)
    at ke (https://www.redditstatic.com/ads/pixel.js:0:59078)
    at <anonymous> (https://www.redditstatic.com/ads/pixel.js:0:56135)
    at <anonymous> (https://www.redditstatic.com/ads/pixel.js:0:53989)
    at <anonymous> (https://www.redditstatic.com/ads/pixel.js:0:54832)
    at Se (https://www.redditstatic.com/ads/pixel.js:0:55014)
    at u (https://www.redditstatic.com/ads/pixel.js:0:55217)
    at <anonymous> (https://www.redditstatic.com/ads/pixel.js:0:55278)
    at <anonymous> (https://www.redditstatic.com/ads/pixel.js:0:55158)
[  180699ms] Uncaught (in promise) TypeError: Cannot read properties of null (reading 'querySelectorAll')
    at <anonymous> (https://www.redditstatic.com/ads/pixel.js:0:39258)
    at <anonymous> (https://www.redditstatic.com/ads/pixel.js:0:34965)
    at <anonymous> (https://www.redditstatic.com/ads/pixel.js:0:35808)
    at ct (https://www.redditstatic.com/ads/pixel.js:0:37461)
    at u (https://www.redditstatic.com/ads/pixel.js:0:39613)
    at <anonymous> (https://www.redditstatic.com/ads/pixel.js:0:39674)
    at Ct (https://www.redditstatic.com/ads/pixel.js:0:39554)
    at Ct (https://www.redditstatic.com/ads/pixel.js:0:39690)
    at xt (https://www.redditstatic.com/ads/pixel.js:0:39094)
    at <anonymous> (https://www.redditstatic.com/ads/pixel.js:0:59595)
    at <anonymous> (https://www.redditstatic.com/ads/pixel.js:0:57458)
    at <anonymous> (https://www.redditstatic.com/ads/pixel.js:0:58301)
    at je (https://www.redditstatic.com/ads/pixel.js:0:58483)
    at u (https://www.redditstatic.com/ads/pixel.js:0:58686)
    at <anonymous> (https://www.redditstatic.com/ads/pixel.js:0:58747)
    at <anonymous> (https://www.redditstatic.com/ads/pixel.js:0:58627)
    at Ue (https://www.redditstatic.com/ads/pixel.js:0:59774)
    at Ge (https://www.redditstatic.com/ads/pixel.js:0:59442)
    at <anonymous> (https://www.redditstatic.com/ads/pixel.js:0:56135)
    at <anonymous> (https://www.redditstatic.com/ads/pixel.js:0:53989)
    at <anonymous> (https://www.redditstatic.com/ads/pixel.js:0:54832)
    at Se (https://www.redditstatic.com/ads/pixel.js:0:55014)
    at u (https://www.redditstatic.com/ads/pixel.js:0:55217)
    at <anonymous> (https://www.redditstatic.com/ads/pixel.js:0:55278)
    at <anonymous> (https://www.redditstatic.com/ads/pixel.js:0:55158)
[  180831ms] [WARNING] [Meta Pixel] - Duplicate Pixel ID: 930987978489178. @ https://connect.facebook.net/en_US/fbevents.js:187
