[    1139ms] Uncaught (in promise) TypeError: Cannot read properties of null (reading 'querySelectorAll')
    at <anonymous> (https://www.redditstatic.com/ads/pixel.js:0:50376)
    at <anonymous> (https://www.redditstatic.com/ads/pixel.js:0:47918)
    at <anonymous> (https://www.redditstatic.com/ads/pixel.js:0:48761)
    at ae (https://www.redditstatic.com/ads/pixel.js:0:49960)
    at u (https://www.redditstatic.com/ads/pixel.js:0:50929)
    at <anonymous> (https://www.redditstatic.com/ads/pixel.js:0:50990)
    at le (https://www.redditstatic.com/ads/pixel.js:0:50870)
    at le (https://www.redditstatic.com/ads/pixel.js:0:51006)
    at ce (https://www.redditstatic.com/ads/pixel.js:0:50208)
    at <anonymous> (https://www.redditstatic.com/ads/pixel.js:0:59229)
    at <anonymous> (https://www.redditstatic.com/ads/pixel.js:0:57458)
    at <anonymous> (https://www.redditstatic.com/ads/pixel.js:0:58301)
    at je (https://www.redditstatic.com/ads/pixel.js:0:58483)
    at u (https://www.redditstatic.com/ads/pixel.js:0:58686)
    at <anonymous> (https://www.redditstatic.com/ads/pixel.js:0:58747)
    at <anonymous> (https://www.redditstatic.com/ads/pixel.js:0:58627)
    at De (https://www.redditstatic.com/ads/pixel.js:0:59396)
    at ke (https://www.redditstatic.com/ads/pixel.js:0:59078)
    at <anonymous> (https://www.redditstatic.com/ads/pixel.js:0:56135)
    at <anonymous> (https://www.redditstatic.com/ads/pixel.js:0:53989)
    at <anonymous> (https://www.redditstatic.com/ads/pixel.js:0:54832)
    at Se (https://www.redditstatic.com/ads/pixel.js:0:55014)
    at u (https://www.redditstatic.com/ads/pixel.js:0:55217)
    at <anonymous> (https://www.redditstatic.com/ads/pixel.js:0:55278)
    at <anonymous> (https://www.redditstatic.com/ads/pixel.js:0:55158)
[    1139ms] Uncaught (in promise) TypeError: Cannot read properties of null (reading 'querySelectorAll')
    at <anonymous> (https://www.redditstatic.com/ads/pixel.js:0:39258)
    at <anonymous> (https://www.redditstatic.com/ads/pixel.js:0:34965)
    at <anonymous> (https://www.redditstatic.com/ads/pixel.js:0:35808)
    at ct (https://www.redditstatic.com/ads/pixel.js:0:37461)
    at u (https://www.redditstatic.com/ads/pixel.js:0:39613)
    at <anonymous> (https://www.redditstatic.com/ads/pixel.js:0:39674)
    at Ct (https://www.redditstatic.com/ads/pixel.js:0:39554)
    at Ct (https://www.redditstatic.com/ads/pixel.js:0:39690)
    at xt (https://www.redditstatic.com/ads/pixel.js:0:39094)
    at <anonymous> (https://www.redditstatic.com/ads/pixel.js:0:59595)
    at <anonymous> (https://www.redditstatic.com/ads/pixel.js:0:57458)
    at <anonymous> (https://www.redditstatic.com/ads/pixel.js:0:58301)
    at je (https://www.redditstatic.com/ads/pixel.js:0:58483)
    at u (https://www.redditstatic.com/ads/pixel.js:0:58686)
    at <anonymous> (https://www.redditstatic.com/ads/pixel.js:0:58747)
    at <anonymous> (https://www.redditstatic.com/ads/pixel.js:0:58627)
    at Ue (https://www.redditstatic.com/ads/pixel.js:0:59774)
    at Ge (https://www.redditstatic.com/ads/pixel.js:0:59442)
    at <anonymous> (https://www.redditstatic.com/ads/pixel.js:0:56135)
    at <anonymous> (https://www.redditstatic.com/ads/pixel.js:0:53989)
    at <anonymous> (https://www.redditstatic.com/ads/pixel.js:0:54832)
    at Se (https://www.redditstatic.com/ads/pixel.js:0:55014)
    at u (https://www.redditstatic.com/ads/pixel.js:0:55217)
    at <anonymous> (https://www.redditstatic.com/ads/pixel.js:0:55278)
    at <anonymous> (https://www.redditstatic.com/ads/pixel.js:0:55158)
[    1448ms] [WARNING] [Meta Pixel] - Duplicate Pixel ID: 930987978489178. @ https://connect.facebook.net/en_US/fbevents.js:187
[    2999ms] Uncaught ReferenceError: module is not defined
    at <anonymous> (https://groot.mailerlite.com/node_modules/lodash/index.js?v=1785148:0:0)
[    5543ms] ReferenceError: axios is not defined
    at https://dashboard.mailerlite.com/forms/194257833015903279/content:310:21
