[    9364ms] [WARNING] The resource https://i.pinimg.com/236x/11/44/34/114434511e25f358e821adeb1c6bdd72.jpg was preloaded using link preload but not used within a few seconds from the window's load event. Please make sure it has an appropriate `as` value and it is preloaded intentionally. @ https://co.pinterest.com/pin-creation-tool/:0
[    9365ms] [WARNING] The resource https://i.pinimg.com/236x/91/3e/6a/913e6a852dfb8cb71fb7c39d499e6173.jpg was preloaded using link preload but not used within a few seconds from the window's load event. Please make sure it has an appropriate `as` value and it is preloaded intentionally. @ https://co.pinterest.com/pin-creation-tool/:0
[    9365ms] [WARNING] The resource https://i.pinimg.com/236x/74/09/1e/74091eeaf8828f72ce1f9be994fc983a.jpg was preloaded using link preload but not used within a few seconds from the window's load event. Please make sure it has an appropriate `as` value and it is preloaded intentionally. @ https://co.pinterest.com/pin-creation-tool/:0
[    9365ms] [WARNING] The resource https://i.pinimg.com/236x/b5/48/2c/b5482c837f677a02616df1bc46dc4666.jpg was preloaded using link preload but not used within a few seconds from the window's load event. Please make sure it has an appropriate `as` value and it is preloaded intentionally. @ https://co.pinterest.com/pin-creation-tool/:0
[    9365ms] [WARNING] The resource https://i.pinimg.com/236x/c4/a5/e9/c4a5e9badeafedfb63f8a9f2bc8fe012.jpg was preloaded using link preload but not used within a few seconds from the window's load event. Please make sure it has an appropriate `as` value and it is preloaded intentionally. @ https://co.pinterest.com/pin-creation-tool/:0
[    9365ms] [WARNING] The resource https://i.pinimg.com/236x/e3/1f/17/e31f17b45a867a540caac1ee28b0b5b9.jpg was preloaded using link preload but not used within a few seconds from the window's load event. Please make sure it has an appropriate `as` value and it is preloaded intentionally. @ https://co.pinterest.com/pin-creation-tool/:0
[    9365ms] [WARNING] The resource https://i.pinimg.com/236x/f1/e8/4f/f1e84f6313f6056e9504c9688c10049a.jpg was preloaded using link preload but not used within a few seconds from the window's load event. Please make sure it has an appropriate `as` value and it is preloaded intentionally. @ https://co.pinterest.com/pin-creation-tool/:0
[    9365ms] [WARNING] The resource https://i.pinimg.com/236x/6b/9d/a4/6b9da44ea5ae73c60c1b3f1d064120c6.jpg was preloaded using link preload but not used within a few seconds from the window's load event. Please make sure it has an appropriate `as` value and it is preloaded intentionally. @ https://co.pinterest.com/pin-creation-tool/:0
[    9365ms] [WARNING] The resource https://i.pinimg.com/236x/4a/a5/2e/4aa52ea81aee43094ce3e8907abd513c.jpg was preloaded using link preload but not used within a few seconds from the window's load event. Please make sure it has an appropriate `as` value and it is preloaded intentionally. @ https://co.pinterest.com/pin-creation-tool/:0
[   14230ms] [WARNING] The resource https://i.pinimg.com/236x/11/44/34/114434511e25f358e821adeb1c6bdd72.jpg was preloaded using link preload but not used within a few seconds from the window's load event. Please make sure it has an appropriate `as` value and it is preloaded intentionally. @ https://co.pinterest.com/pin-creation-tool/:0
[   14230ms] [WARNING] The resource https://i.pinimg.com/236x/91/3e/6a/913e6a852dfb8cb71fb7c39d499e6173.jpg was preloaded using link preload but not used within a few seconds from the window's load event. Please make sure it has an appropriate `as` value and it is preloaded intentionally. @ https://co.pinterest.com/pin-creation-tool/:0
[   14230ms] [WARNING] The resource https://i.pinimg.com/236x/74/09/1e/74091eeaf8828f72ce1f9be994fc983a.jpg was preloaded using link preload but not used within a few seconds from the window's load event. Please make sure it has an appropriate `as` value and it is preloaded intentionally. @ https://co.pinterest.com/pin-creation-tool/:0
[   14230ms] [WARNING] The resource https://i.pinimg.com/236x/b5/48/2c/b5482c837f677a02616df1bc46dc4666.jpg was preloaded using link preload but not used within a few seconds from the window's load event. Please make sure it has an appropriate `as` value and it is preloaded intentionally. @ https://co.pinterest.com/pin-creation-tool/:0
[   14230ms] [WARNING] The resource https://i.pinimg.com/236x/c4/a5/e9/c4a5e9badeafedfb63f8a9f2bc8fe012.jpg was preloaded using link preload but not used within a few seconds from the window's load event. Please make sure it has an appropriate `as` value and it is preloaded intentionally. @ https://co.pinterest.com/pin-creation-tool/:0
[   14230ms] [WARNING] The resource https://i.pinimg.com/236x/e3/1f/17/e31f17b45a867a540caac1ee28b0b5b9.jpg was preloaded using link preload but not used within a few seconds from the window's load event. Please make sure it has an appropriate `as` value and it is preloaded intentionally. @ https://co.pinterest.com/pin-creation-tool/:0
[   14230ms] [WARNING] The resource https://i.pinimg.com/236x/f1/e8/4f/f1e84f6313f6056e9504c9688c10049a.jpg was preloaded using link preload but not used within a few seconds from the window's load event. Please make sure it has an appropriate `as` value and it is preloaded intentionally. @ https://co.pinterest.com/pin-creation-tool/:0
[   14230ms] [WARNING] The resource https://i.pinimg.com/236x/6b/9d/a4/6b9da44ea5ae73c60c1b3f1d064120c6.jpg was preloaded using link preload but not used within a few seconds from the window's load event. Please make sure it has an appropriate `as` value and it is preloaded intentionally. @ https://co.pinterest.com/pin-creation-tool/:0
[   14230ms] [WARNING] The resource https://i.pinimg.com/236x/4a/a5/2e/4aa52ea81aee43094ce3e8907abd513c.jpg was preloaded using link preload but not used within a few seconds from the window's load event. Please make sure it has an appropriate `as` value and it is preloaded intentionally. @ https://co.pinterest.com/pin-creation-tool/:0
[   18984ms] [WARNING] The resource https://i.pinimg.com/236x/11/44/34/114434511e25f358e821adeb1c6bdd72.jpg was preloaded using link preload but not used within a few seconds from the window's load event. Please make sure it has an appropriate `as` value and it is preloaded intentionally. @ https://co.pinterest.com/pin-creation-tool/:0
[   18984ms] [WARNING] The resource https://i.pinimg.com/236x/91/3e/6a/913e6a852dfb8cb71fb7c39d499e6173.jpg was preloaded using link preload but not used within a few seconds from the window's load event. Please make sure it has an appropriate `as` value and it is preloaded intentionally. @ https://co.pinterest.com/pin-creation-tool/:0
[   18984ms] [WARNING] The resource https://i.pinimg.com/236x/74/09/1e/74091eeaf8828f72ce1f9be994fc983a.jpg was preloaded using link preload but not used within a few seconds from the window's load event. Please make sure it has an appropriate `as` value and it is preloaded intentionally. @ https://co.pinterest.com/pin-creation-tool/:0
[   18984ms] [WARNING] The resource https://i.pinimg.com/236x/b5/48/2c/b5482c837f677a02616df1bc46dc4666.jpg was preloaded using link preload but not used within a few seconds from the window's load event. Please make sure it has an appropriate `as` value and it is preloaded intentionally. @ https://co.pinterest.com/pin-creation-tool/:0
[   18984ms] [WARNING] The resource https://i.pinimg.com/236x/c4/a5/e9/c4a5e9badeafedfb63f8a9f2bc8fe012.jpg was preloaded using link preload but not used within a few seconds from the window's load event. Please make sure it has an appropriate `as` value and it is preloaded intentionally. @ https://co.pinterest.com/pin-creation-tool/:0
[   18984ms] [WARNING] The resource https://i.pinimg.com/236x/e3/1f/17/e31f17b45a867a540caac1ee28b0b5b9.jpg was preloaded using link preload but not used within a few seconds from the window's load event. Please make sure it has an appropriate `as` value and it is preloaded intentionally. @ https://co.pinterest.com/pin-creation-tool/:0
[   18984ms] [WARNING] The resource https://i.pinimg.com/236x/f1/e8/4f/f1e84f6313f6056e9504c9688c10049a.jpg was preloaded using link preload but not used within a few seconds from the window's load event. Please make sure it has an appropriate `as` value and it is preloaded intentionally. @ https://co.pinterest.com/pin-creation-tool/:0
[   18984ms] [WARNING] The resource https://i.pinimg.com/236x/6b/9d/a4/6b9da44ea5ae73c60c1b3f1d064120c6.jpg was preloaded using link preload but not used within a few seconds from the window's load event. Please make sure it has an appropriate `as` value and it is preloaded intentionally. @ https://co.pinterest.com/pin-creation-tool/:0
[   18984ms] [WARNING] The resource https://i.pinimg.com/236x/4a/a5/2e/4aa52ea81aee43094ce3e8907abd513c.jpg was preloaded using link preload but not used within a few seconds from the window's load event. Please make sure it has an appropriate `as` value and it is preloaded intentionally. @ https://co.pinterest.com/pin-creation-tool/:0
[   40209ms] [WARNING] The resource https://i.pinimg.com/236x/11/44/34/114434511e25f358e821adeb1c6bdd72.jpg was preloaded using link preload but not used within a few seconds from the window's load event. Please make sure it has an appropriate `as` value and it is preloaded intentionally. @ https://co.pinterest.com/pin-creation-tool/:0
[   40209ms] [WARNING] The resource https://i.pinimg.com/236x/91/3e/6a/913e6a852dfb8cb71fb7c39d499e6173.jpg was preloaded using link preload but not used within a few seconds from the window's load event. Please make sure it has an appropriate `as` value and it is preloaded intentionally. @ https://co.pinterest.com/pin-creation-tool/:0
[   40209ms] [WARNING] The resource https://i.pinimg.com/236x/74/09/1e/74091eeaf8828f72ce1f9be994fc983a.jpg was preloaded using link preload but not used within a few seconds from the window's load event. Please make sure it has an appropriate `as` value and it is preloaded intentionally. @ https://co.pinterest.com/pin-creation-tool/:0
[   40209ms] [WARNING] The resource https://i.pinimg.com/236x/b5/48/2c/b5482c837f677a02616df1bc46dc4666.jpg was preloaded using link preload but not used within a few seconds from the window's load event. Please make sure it has an appropriate `as` value and it is preloaded intentionally. @ https://co.pinterest.com/pin-creation-tool/:0
[   40209ms] [WARNING] The resource https://i.pinimg.com/236x/c4/a5/e9/c4a5e9badeafedfb63f8a9f2bc8fe012.jpg was preloaded using link preload but not used within a few seconds from the window's load event. Please make sure it has an appropriate `as` value and it is preloaded intentionally. @ https://co.pinterest.com/pin-creation-tool/:0
[   40211ms] [WARNING] The resource https://i.pinimg.com/236x/e3/1f/17/e31f17b45a867a540caac1ee28b0b5b9.jpg was preloaded using link preload but not used within a few seconds from the window's load event. Please make sure it has an appropriate `as` value and it is preloaded intentionally. @ https://co.pinterest.com/pin-creation-tool/:0
[   40211ms] [WARNING] The resource https://i.pinimg.com/236x/f1/e8/4f/f1e84f6313f6056e9504c9688c10049a.jpg was preloaded using link preload but not used within a few seconds from the window's load event. Please make sure it has an appropriate `as` value and it is preloaded intentionally. @ https://co.pinterest.com/pin-creation-tool/:0
[   40211ms] [WARNING] The resource https://i.pinimg.com/236x/6b/9d/a4/6b9da44ea5ae73c60c1b3f1d064120c6.jpg was preloaded using link preload but not used within a few seconds from the window's load event. Please make sure it has an appropriate `as` value and it is preloaded intentionally. @ https://co.pinterest.com/pin-creation-tool/:0
[   40211ms] [WARNING] The resource https://i.pinimg.com/236x/4a/a5/2e/4aa52ea81aee43094ce3e8907abd513c.jpg was preloaded using link preload but not used within a few seconds from the window's load event. Please make sure it has an appropriate `as` value and it is preloaded intentionally. @ https://co.pinterest.com/pin-creation-tool/:0
[   82408ms] [WARNING] The resource https://i.pinimg.com/236x/11/44/34/114434511e25f358e821adeb1c6bdd72.jpg was preloaded using link preload but not used within a few seconds from the window's load event. Please make sure it has an appropriate `as` value and it is preloaded intentionally. @ https://co.pinterest.com/pin-creation-tool/:0
[   82409ms] [WARNING] The resource https://i.pinimg.com/236x/91/3e/6a/913e6a852dfb8cb71fb7c39d499e6173.jpg was preloaded using link preload but not used within a few seconds from the window's load event. Please make sure it has an appropriate `as` value and it is preloaded intentionally. @ https://co.pinterest.com/pin-creation-tool/:0
[   82409ms] [WARNING] The resource https://i.pinimg.com/236x/74/09/1e/74091eeaf8828f72ce1f9be994fc983a.jpg was preloaded using link preload but not used within a few seconds from the window's load event. Please make sure it has an appropriate `as` value and it is preloaded intentionally. @ https://co.pinterest.com/pin-creation-tool/:0
[   82409ms] [WARNING] The resource https://i.pinimg.com/236x/b5/48/2c/b5482c837f677a02616df1bc46dc4666.jpg was preloaded using link preload but not used within a few seconds from the window's load event. Please make sure it has an appropriate `as` value and it is preloaded intentionally. @ https://co.pinterest.com/pin-creation-tool/:0
[   82409ms] [WARNING] The resource https://i.pinimg.com/236x/c4/a5/e9/c4a5e9badeafedfb63f8a9f2bc8fe012.jpg was preloaded using link preload but not used within a few seconds from the window's load event. Please make sure it has an appropriate `as` value and it is preloaded intentionally. @ https://co.pinterest.com/pin-creation-tool/:0
[   82409ms] [WARNING] The resource https://i.pinimg.com/236x/e3/1f/17/e31f17b45a867a540caac1ee28b0b5b9.jpg was preloaded using link preload but not used within a few seconds from the window's load event. Please make sure it has an appropriate `as` value and it is preloaded intentionally. @ https://co.pinterest.com/pin-creation-tool/:0
[   82409ms] [WARNING] The resource https://i.pinimg.com/236x/f1/e8/4f/f1e84f6313f6056e9504c9688c10049a.jpg was preloaded using link preload but not used within a few seconds from the window's load event. Please make sure it has an appropriate `as` value and it is preloaded intentionally. @ https://co.pinterest.com/pin-creation-tool/:0
[   82409ms] [WARNING] The resource https://i.pinimg.com/236x/6b/9d/a4/6b9da44ea5ae73c60c1b3f1d064120c6.jpg was preloaded using link preload but not used within a few seconds from the window's load event. Please make sure it has an appropriate `as` value and it is preloaded intentionally. @ https://co.pinterest.com/pin-creation-tool/:0
[   82409ms] [WARNING] The resource https://i.pinimg.com/236x/4a/a5/2e/4aa52ea81aee43094ce3e8907abd513c.jpg was preloaded using link preload but not used within a few seconds from the window's load event. Please make sure it has an appropriate `as` value and it is preloaded intentionally. @ https://co.pinterest.com/pin-creation-tool/:0
[  120218ms] [ERROR] Refused to get unsafe header "x-amz-request-id" @ https://s.pinimg.com/webapp/8376.es_ES-e17ac174ae6fa9bb.mjs:0
[  120218ms] [ERROR] Refused to get unsafe header "x-amz-id-2" @ https://s.pinimg.com/webapp/8376.es_ES-e17ac174ae6fa9bb.mjs:0
[  130392ms] [ERROR] Refused to get unsafe header "x-amz-request-id" @ https://s.pinimg.com/webapp/8376.es_ES-e17ac174ae6fa9bb.mjs:0
[  130392ms] [ERROR] Refused to get unsafe header "x-amz-id-2" @ https://s.pinimg.com/webapp/8376.es_ES-e17ac174ae6fa9bb.mjs:0
[  140332ms] [ERROR] Refused to get unsafe header "x-amz-request-id" @ https://s.pinimg.com/webapp/8376.es_ES-e17ac174ae6fa9bb.mjs:0
[  140332ms] [ERROR] Refused to get unsafe header "x-amz-id-2" @ https://s.pinimg.com/webapp/8376.es_ES-e17ac174ae6fa9bb.mjs:0
[  150089ms] [ERROR] Refused to get unsafe header "x-amz-request-id" @ https://s.pinimg.com/webapp/8376.es_ES-e17ac174ae6fa9bb.mjs:0
[  150089ms] [ERROR] Refused to get unsafe header "x-amz-id-2" @ https://s.pinimg.com/webapp/8376.es_ES-e17ac174ae6fa9bb.mjs:0
[  160583ms] [ERROR] Refused to get unsafe header "x-amz-request-id" @ https://s.pinimg.com/webapp/8376.es_ES-e17ac174ae6fa9bb.mjs:0
[  160583ms] [ERROR] Refused to get unsafe header "x-amz-id-2" @ https://s.pinimg.com/webapp/8376.es_ES-e17ac174ae6fa9bb.mjs:0
[  170833ms] [ERROR] Refused to get unsafe header "x-amz-request-id" @ https://s.pinimg.com/webapp/8376.es_ES-e17ac174ae6fa9bb.mjs:0
[  170834ms] [ERROR] Refused to get unsafe header "x-amz-id-2" @ https://s.pinimg.com/webapp/8376.es_ES-e17ac174ae6fa9bb.mjs:0
[  180769ms] [ERROR] Refused to get unsafe header "x-amz-request-id" @ https://s.pinimg.com/webapp/8376.es_ES-e17ac174ae6fa9bb.mjs:0
[  180769ms] [ERROR] Refused to get unsafe header "x-amz-id-2" @ https://s.pinimg.com/webapp/8376.es_ES-e17ac174ae6fa9bb.mjs:0
[  190584ms] [ERROR] Refused to get unsafe header "x-amz-request-id" @ https://s.pinimg.com/webapp/8376.es_ES-e17ac174ae6fa9bb.mjs:0
[  190584ms] [ERROR] Refused to get unsafe header "x-amz-id-2" @ https://s.pinimg.com/webapp/8376.es_ES-e17ac174ae6fa9bb.mjs:0
[  199991ms] [ERROR] Refused to get unsafe header "x-amz-request-id" @ https://s.pinimg.com/webapp/8376.es_ES-e17ac174ae6fa9bb.mjs:0
[  199991ms] [ERROR] Refused to get unsafe header "x-amz-id-2" @ https://s.pinimg.com/webapp/8376.es_ES-e17ac174ae6fa9bb.mjs:0
[  210417ms] [ERROR] Refused to get unsafe header "x-amz-request-id" @ https://s.pinimg.com/webapp/8376.es_ES-e17ac174ae6fa9bb.mjs:0
[  210418ms] [ERROR] Refused to get unsafe header "x-amz-id-2" @ https://s.pinimg.com/webapp/8376.es_ES-e17ac174ae6fa9bb.mjs:0
[  217145ms] [WARNING] The resource https://i.pinimg.com/236x/74/09/1e/74091eeaf8828f72ce1f9be994fc983a.jpg was preloaded using link preload but not used within a few seconds from the window's load event. Please make sure it has an appropriate `as` value and it is preloaded intentionally. @ https://co.pinterest.com/pin-creation-tool/:0
[  217145ms] [WARNING] The resource https://i.pinimg.com/236x/91/3e/6a/913e6a852dfb8cb71fb7c39d499e6173.jpg was preloaded using link preload but not used within a few seconds from the window's load event. Please make sure it has an appropriate `as` value and it is preloaded intentionally. @ https://co.pinterest.com/pin-creation-tool/:0
[  217145ms] [WARNING] The resource https://i.pinimg.com/236x/4a/a5/2e/4aa52ea81aee43094ce3e8907abd513c.jpg was preloaded using link preload but not used within a few seconds from the window's load event. Please make sure it has an appropriate `as` value and it is preloaded intentionally. @ https://co.pinterest.com/pin-creation-tool/:0
[  217145ms] [WARNING] The resource https://i.pinimg.com/236x/b5/48/2c/b5482c837f677a02616df1bc46dc4666.jpg was preloaded using link preload but not used within a few seconds from the window's load event. Please make sure it has an appropriate `as` value and it is preloaded intentionally. @ https://co.pinterest.com/pin-creation-tool/:0
[  217145ms] [WARNING] The resource https://i.pinimg.com/236x/11/44/34/114434511e25f358e821adeb1c6bdd72.jpg was preloaded using link preload but not used within a few seconds from the window's load event. Please make sure it has an appropriate `as` value and it is preloaded intentionally. @ https://co.pinterest.com/pin-creation-tool/:0
[  217145ms] [WARNING] The resource https://i.pinimg.com/236x/e3/1f/17/e31f17b45a867a540caac1ee28b0b5b9.jpg was preloaded using link preload but not used within a few seconds from the window's load event. Please make sure it has an appropriate `as` value and it is preloaded intentionally. @ https://co.pinterest.com/pin-creation-tool/:0
[  217145ms] [WARNING] The resource https://i.pinimg.com/236x/f1/e8/4f/f1e84f6313f6056e9504c9688c10049a.jpg was preloaded using link preload but not used within a few seconds from the window's load event. Please make sure it has an appropriate `as` value and it is preloaded intentionally. @ https://co.pinterest.com/pin-creation-tool/:0
[  217145ms] [WARNING] The resource https://i.pinimg.com/236x/6b/9d/a4/6b9da44ea5ae73c60c1b3f1d064120c6.jpg was preloaded using link preload but not used within a few seconds from the window's load event. Please make sure it has an appropriate `as` value and it is preloaded intentionally. @ https://co.pinterest.com/pin-creation-tool/:0
[  217145ms] [WARNING] The resource https://i.pinimg.com/236x/c4/a5/e9/c4a5e9badeafedfb63f8a9f2bc8fe012.jpg was preloaded using link preload but not used within a few seconds from the window's load event. Please make sure it has an appropriate `as` value and it is preloaded intentionally. @ https://co.pinterest.com/pin-creation-tool/:0
[  221265ms] [WARNING] The resource https://i.pinimg.com/236x/74/09/1e/74091eeaf8828f72ce1f9be994fc983a.jpg was preloaded using link preload but not used within a few seconds from the window's load event. Please make sure it has an appropriate `as` value and it is preloaded intentionally. @ https://co.pinterest.com/pin-creation-tool/:0
[  221265ms] [WARNING] The resource https://i.pinimg.com/236x/91/3e/6a/913e6a852dfb8cb71fb7c39d499e6173.jpg was preloaded using link preload but not used within a few seconds from the window's load event. Please make sure it has an appropriate `as` value and it is preloaded intentionally. @ https://co.pinterest.com/pin-creation-tool/:0
[  221265ms] [WARNING] The resource https://i.pinimg.com/236x/4a/a5/2e/4aa52ea81aee43094ce3e8907abd513c.jpg was preloaded using link preload but not used within a few seconds from the window's load event. Please make sure it has an appropriate `as` value and it is preloaded intentionally. @ https://co.pinterest.com/pin-creation-tool/:0
[  221265ms] [WARNING] The resource https://i.pinimg.com/236x/b5/48/2c/b5482c837f677a02616df1bc46dc4666.jpg was preloaded using link preload but not used within a few seconds from the window's load event. Please make sure it has an appropriate `as` value and it is preloaded intentionally. @ https://co.pinterest.com/pin-creation-tool/:0
[  221265ms] [WARNING] The resource https://i.pinimg.com/236x/11/44/34/114434511e25f358e821adeb1c6bdd72.jpg was preloaded using link preload but not used within a few seconds from the window's load event. Please make sure it has an appropriate `as` value and it is preloaded intentionally. @ https://co.pinterest.com/pin-creation-tool/:0
[  221265ms] [WARNING] The resource https://i.pinimg.com/236x/e3/1f/17/e31f17b45a867a540caac1ee28b0b5b9.jpg was preloaded using link preload but not used within a few seconds from the window's load event. Please make sure it has an appropriate `as` value and it is preloaded intentionally. @ https://co.pinterest.com/pin-creation-tool/:0
[  221265ms] [WARNING] The resource https://i.pinimg.com/236x/f1/e8/4f/f1e84f6313f6056e9504c9688c10049a.jpg was preloaded using link preload but not used within a few seconds from the window's load event. Please make sure it has an appropriate `as` value and it is preloaded intentionally. @ https://co.pinterest.com/pin-creation-tool/:0
[  221265ms] [WARNING] The resource https://i.pinimg.com/236x/6b/9d/a4/6b9da44ea5ae73c60c1b3f1d064120c6.jpg was preloaded using link preload but not used within a few seconds from the window's load event. Please make sure it has an appropriate `as` value and it is preloaded intentionally. @ https://co.pinterest.com/pin-creation-tool/:0
[  221265ms] [WARNING] The resource https://i.pinimg.com/236x/c4/a5/e9/c4a5e9badeafedfb63f8a9f2bc8fe012.jpg was preloaded using link preload but not used within a few seconds from the window's load event. Please make sure it has an appropriate `as` value and it is preloaded intentionally. @ https://co.pinterest.com/pin-creation-tool/:0
[  226213ms] [WARNING] The resource https://i.pinimg.com/236x/74/09/1e/74091eeaf8828f72ce1f9be994fc983a.jpg was preloaded using link preload but not used within a few seconds from the window's load event. Please make sure it has an appropriate `as` value and it is preloaded intentionally. @ https://co.pinterest.com/pin-creation-tool/:0
[  226213ms] [WARNING] The resource https://i.pinimg.com/236x/91/3e/6a/913e6a852dfb8cb71fb7c39d499e6173.jpg was preloaded using link preload but not used within a few seconds from the window's load event. Please make sure it has an appropriate `as` value and it is preloaded intentionally. @ https://co.pinterest.com/pin-creation-tool/:0
[  226213ms] [WARNING] The resource https://i.pinimg.com/236x/4a/a5/2e/4aa52ea81aee43094ce3e8907abd513c.jpg was preloaded using link preload but not used within a few seconds from the window's load event. Please make sure it has an appropriate `as` value and it is preloaded intentionally. @ https://co.pinterest.com/pin-creation-tool/:0
[  226213ms] [WARNING] The resource https://i.pinimg.com/236x/b5/48/2c/b5482c837f677a02616df1bc46dc4666.jpg was preloaded using link preload but not used within a few seconds from the window's load event. Please make sure it has an appropriate `as` value and it is preloaded intentionally. @ https://co.pinterest.com/pin-creation-tool/:0
[  226213ms] [WARNING] The resource https://i.pinimg.com/236x/11/44/34/114434511e25f358e821adeb1c6bdd72.jpg was preloaded using link preload but not used within a few seconds from the window's load event. Please make sure it has an appropriate `as` value and it is preloaded intentionally. @ https://co.pinterest.com/pin-creation-tool/:0
[  226213ms] [WARNING] The resource https://i.pinimg.com/236x/e3/1f/17/e31f17b45a867a540caac1ee28b0b5b9.jpg was preloaded using link preload but not used within a few seconds from the window's load event. Please make sure it has an appropriate `as` value and it is preloaded intentionally. @ https://co.pinterest.com/pin-creation-tool/:0
[  226213ms] [WARNING] The resource https://i.pinimg.com/236x/f1/e8/4f/f1e84f6313f6056e9504c9688c10049a.jpg was preloaded using link preload but not used within a few seconds from the window's load event. Please make sure it has an appropriate `as` value and it is preloaded intentionally. @ https://co.pinterest.com/pin-creation-tool/:0
[  226213ms] [WARNING] The resource https://i.pinimg.com/236x/6b/9d/a4/6b9da44ea5ae73c60c1b3f1d064120c6.jpg was preloaded using link preload but not used within a few seconds from the window's load event. Please make sure it has an appropriate `as` value and it is preloaded intentionally. @ https://co.pinterest.com/pin-creation-tool/:0
[  226213ms] [WARNING] The resource https://i.pinimg.com/236x/c4/a5/e9/c4a5e9badeafedfb63f8a9f2bc8fe012.jpg was preloaded using link preload but not used within a few seconds from the window's load event. Please make sure it has an appropriate `as` value and it is preloaded intentionally. @ https://co.pinterest.com/pin-creation-tool/:0
[  247599ms] [ERROR] Refused to get unsafe header "x-amz-request-id" @ https://s.pinimg.com/webapp/8376.es_ES-e17ac174ae6fa9bb.mjs:0
[  247599ms] [ERROR] Refused to get unsafe header "x-amz-id-2" @ https://s.pinimg.com/webapp/8376.es_ES-e17ac174ae6fa9bb.mjs:0
[  255247ms] [ERROR] Refused to get unsafe header "x-amz-request-id" @ https://s.pinimg.com/webapp/8376.es_ES-e17ac174ae6fa9bb.mjs:0
[  255247ms] [ERROR] Refused to get unsafe header "x-amz-id-2" @ https://s.pinimg.com/webapp/8376.es_ES-e17ac174ae6fa9bb.mjs:0
[  262704ms] [ERROR] Refused to get unsafe header "x-amz-request-id" @ https://s.pinimg.com/webapp/8376.es_ES-e17ac174ae6fa9bb.mjs:0
[  262704ms] [ERROR] Refused to get unsafe header "x-amz-id-2" @ https://s.pinimg.com/webapp/8376.es_ES-e17ac174ae6fa9bb.mjs:0
[  270146ms] [ERROR] Refused to get unsafe header "x-amz-request-id" @ https://s.pinimg.com/webapp/8376.es_ES-e17ac174ae6fa9bb.mjs:0
[  270146ms] [ERROR] Refused to get unsafe header "x-amz-id-2" @ https://s.pinimg.com/webapp/8376.es_ES-e17ac174ae6fa9bb.mjs:0
[  276630ms] [WARNING] The resource https://i.pinimg.com/236x/11/44/34/114434511e25f358e821adeb1c6bdd72.jpg was preloaded using link preload but not used within a few seconds from the window's load event. Please make sure it has an appropriate `as` value and it is preloaded intentionally. @ https://co.pinterest.com/pin-creation-tool/:0
[  276630ms] [WARNING] The resource https://i.pinimg.com/236x/91/3e/6a/913e6a852dfb8cb71fb7c39d499e6173.jpg was preloaded using link preload but not used within a few seconds from the window's load event. Please make sure it has an appropriate `as` value and it is preloaded intentionally. @ https://co.pinterest.com/pin-creation-tool/:0
[  276630ms] [WARNING] The resource https://i.pinimg.com/236x/74/09/1e/74091eeaf8828f72ce1f9be994fc983a.jpg was preloaded using link preload but not used within a few seconds from the window's load event. Please make sure it has an appropriate `as` value and it is preloaded intentionally. @ https://co.pinterest.com/pin-creation-tool/:0
[  276630ms] [WARNING] The resource https://i.pinimg.com/236x/b5/48/2c/b5482c837f677a02616df1bc46dc4666.jpg was preloaded using link preload but not used within a few seconds from the window's load event. Please make sure it has an appropriate `as` value and it is preloaded intentionally. @ https://co.pinterest.com/pin-creation-tool/:0
[  276630ms] [WARNING] The resource https://i.pinimg.com/236x/c4/a5/e9/c4a5e9badeafedfb63f8a9f2bc8fe012.jpg was preloaded using link preload but not used within a few seconds from the window's load event. Please make sure it has an appropriate `as` value and it is preloaded intentionally. @ https://co.pinterest.com/pin-creation-tool/:0
[  276630ms] [WARNING] The resource https://i.pinimg.com/236x/e3/1f/17/e31f17b45a867a540caac1ee28b0b5b9.jpg was preloaded using link preload but not used within a few seconds from the window's load event. Please make sure it has an appropriate `as` value and it is preloaded intentionally. @ https://co.pinterest.com/pin-creation-tool/:0
[  276630ms] [WARNING] The resource https://i.pinimg.com/236x/f1/e8/4f/f1e84f6313f6056e9504c9688c10049a.jpg was preloaded using link preload but not used within a few seconds from the window's load event. Please make sure it has an appropriate `as` value and it is preloaded intentionally. @ https://co.pinterest.com/pin-creation-tool/:0
[  276630ms] [WARNING] The resource https://i.pinimg.com/236x/6b/9d/a4/6b9da44ea5ae73c60c1b3f1d064120c6.jpg was preloaded using link preload but not used within a few seconds from the window's load event. Please make sure it has an appropriate `as` value and it is preloaded intentionally. @ https://co.pinterest.com/pin-creation-tool/:0
[  276630ms] [WARNING] The resource https://i.pinimg.com/236x/4a/a5/2e/4aa52ea81aee43094ce3e8907abd513c.jpg was preloaded using link preload but not used within a few seconds from the window's load event. Please make sure it has an appropriate `as` value and it is preloaded intentionally. @ https://co.pinterest.com/pin-creation-tool/:0
[  285779ms] [WARNING] The resource https://i.pinimg.com/236x/11/44/34/114434511e25f358e821adeb1c6bdd72.jpg was preloaded using link preload but not used within a few seconds from the window's load event. Please make sure it has an appropriate `as` value and it is preloaded intentionally. @ https://co.pinterest.com/pin-creation-tool/:0
[  285779ms] [WARNING] The resource https://i.pinimg.com/236x/91/3e/6a/913e6a852dfb8cb71fb7c39d499e6173.jpg was preloaded using link preload but not used within a few seconds from the window's load event. Please make sure it has an appropriate `as` value and it is preloaded intentionally. @ https://co.pinterest.com/pin-creation-tool/:0
[  285779ms] [WARNING] The resource https://i.pinimg.com/236x/74/09/1e/74091eeaf8828f72ce1f9be994fc983a.jpg was preloaded using link preload but not used within a few seconds from the window's load event. Please make sure it has an appropriate `as` value and it is preloaded intentionally. @ https://co.pinterest.com/pin-creation-tool/:0
[  285780ms] [WARNING] The resource https://i.pinimg.com/236x/b5/48/2c/b5482c837f677a02616df1bc46dc4666.jpg was preloaded using link preload but not used within a few seconds from the window's load event. Please make sure it has an appropriate `as` value and it is preloaded intentionally. @ https://co.pinterest.com/pin-creation-tool/:0
[  285780ms] [WARNING] The resource https://i.pinimg.com/236x/c4/a5/e9/c4a5e9badeafedfb63f8a9f2bc8fe012.jpg was preloaded using link preload but not used within a few seconds from the window's load event. Please make sure it has an appropriate `as` value and it is preloaded intentionally. @ https://co.pinterest.com/pin-creation-tool/:0
[  285780ms] [WARNING] The resource https://i.pinimg.com/236x/e3/1f/17/e31f17b45a867a540caac1ee28b0b5b9.jpg was preloaded using link preload but not used within a few seconds from the window's load event. Please make sure it has an appropriate `as` value and it is preloaded intentionally. @ https://co.pinterest.com/pin-creation-tool/:0
[  285780ms] [WARNING] The resource https://i.pinimg.com/236x/f1/e8/4f/f1e84f6313f6056e9504c9688c10049a.jpg was preloaded using link preload but not used within a few seconds from the window's load event. Please make sure it has an appropriate `as` value and it is preloaded intentionally. @ https://co.pinterest.com/pin-creation-tool/:0
[  285780ms] [WARNING] The resource https://i.pinimg.com/236x/6b/9d/a4/6b9da44ea5ae73c60c1b3f1d064120c6.jpg was preloaded using link preload but not used within a few seconds from the window's load event. Please make sure it has an appropriate `as` value and it is preloaded intentionally. @ https://co.pinterest.com/pin-creation-tool/:0
[  285780ms] [WARNING] The resource https://i.pinimg.com/236x/4a/a5/2e/4aa52ea81aee43094ce3e8907abd513c.jpg was preloaded using link preload but not used within a few seconds from the window's load event. Please make sure it has an appropriate `as` value and it is preloaded intentionally. @ https://co.pinterest.com/pin-creation-tool/:0
[  307088ms] [WARNING] The resource https://i.pinimg.com/236x/11/44/34/114434511e25f358e821adeb1c6bdd72.jpg was preloaded using link preload but not used within a few seconds from the window's load event. Please make sure it has an appropriate `as` value and it is preloaded intentionally. @ https://co.pinterest.com/pin-creation-tool/:0
[  307088ms] [WARNING] The resource https://i.pinimg.com/236x/91/3e/6a/913e6a852dfb8cb71fb7c39d499e6173.jpg was preloaded using link preload but not used within a few seconds from the window's load event. Please make sure it has an appropriate `as` value and it is preloaded intentionally. @ https://co.pinterest.com/pin-creation-tool/:0
[  307088ms] [WARNING] The resource https://i.pinimg.com/236x/74/09/1e/74091eeaf8828f72ce1f9be994fc983a.jpg was preloaded using link preload but not used within a few seconds from the window's load event. Please make sure it has an appropriate `as` value and it is preloaded intentionally. @ https://co.pinterest.com/pin-creation-tool/:0
[  307088ms] [WARNING] The resource https://i.pinimg.com/236x/b5/48/2c/b5482c837f677a02616df1bc46dc4666.jpg was preloaded using link preload but not used within a few seconds from the window's load event. Please make sure it has an appropriate `as` value and it is preloaded intentionally. @ https://co.pinterest.com/pin-creation-tool/:0
[  307088ms] [WARNING] The resource https://i.pinimg.com/236x/c4/a5/e9/c4a5e9badeafedfb63f8a9f2bc8fe012.jpg was preloaded using link preload but not used within a few seconds from the window's load event. Please make sure it has an appropriate `as` value and it is preloaded intentionally. @ https://co.pinterest.com/pin-creation-tool/:0
[  307088ms] [WARNING] The resource https://i.pinimg.com/236x/e3/1f/17/e31f17b45a867a540caac1ee28b0b5b9.jpg was preloaded using link preload but not used within a few seconds from the window's load event. Please make sure it has an appropriate `as` value and it is preloaded intentionally. @ https://co.pinterest.com/pin-creation-tool/:0
[  307088ms] [WARNING] The resource https://i.pinimg.com/236x/f1/e8/4f/f1e84f6313f6056e9504c9688c10049a.jpg was preloaded using link preload but not used within a few seconds from the window's load event. Please make sure it has an appropriate `as` value and it is preloaded intentionally. @ https://co.pinterest.com/pin-creation-tool/:0
[  307088ms] [WARNING] The resource https://i.pinimg.com/236x/6b/9d/a4/6b9da44ea5ae73c60c1b3f1d064120c6.jpg was preloaded using link preload but not used within a few seconds from the window's load event. Please make sure it has an appropriate `as` value and it is preloaded intentionally. @ https://co.pinterest.com/pin-creation-tool/:0
[  307088ms] [WARNING] The resource https://i.pinimg.com/236x/4a/a5/2e/4aa52ea81aee43094ce3e8907abd513c.jpg was preloaded using link preload but not used within a few seconds from the window's load event. Please make sure it has an appropriate `as` value and it is preloaded intentionally. @ https://co.pinterest.com/pin-creation-tool/:0
[  349172ms] [WARNING] The resource https://i.pinimg.com/236x/11/44/34/114434511e25f358e821adeb1c6bdd72.jpg was preloaded using link preload but not used within a few seconds from the window's load event. Please make sure it has an appropriate `as` value and it is preloaded intentionally. @ https://co.pinterest.com/pin-creation-tool/:0
[  349172ms] [WARNING] The resource https://i.pinimg.com/236x/91/3e/6a/913e6a852dfb8cb71fb7c39d499e6173.jpg was preloaded using link preload but not used within a few seconds from the window's load event. Please make sure it has an appropriate `as` value and it is preloaded intentionally. @ https://co.pinterest.com/pin-creation-tool/:0
[  349172ms] [WARNING] The resource https://i.pinimg.com/236x/74/09/1e/74091eeaf8828f72ce1f9be994fc983a.jpg was preloaded using link preload but not used within a few seconds from the window's load event. Please make sure it has an appropriate `as` value and it is preloaded intentionally. @ https://co.pinterest.com/pin-creation-tool/:0
[  349172ms] [WARNING] The resource https://i.pinimg.com/236x/b5/48/2c/b5482c837f677a02616df1bc46dc4666.jpg was preloaded using link preload but not used within a few seconds from the window's load event. Please make sure it has an appropriate `as` value and it is preloaded intentionally. @ https://co.pinterest.com/pin-creation-tool/:0
[  349172ms] [WARNING] The resource https://i.pinimg.com/236x/c4/a5/e9/c4a5e9badeafedfb63f8a9f2bc8fe012.jpg was preloaded using link preload but not used within a few seconds from the window's load event. Please make sure it has an appropriate `as` value and it is preloaded intentionally. @ https://co.pinterest.com/pin-creation-tool/:0
[  349172ms] [WARNING] The resource https://i.pinimg.com/236x/e3/1f/17/e31f17b45a867a540caac1ee28b0b5b9.jpg was preloaded using link preload but not used within a few seconds from the window's load event. Please make sure it has an appropriate `as` value and it is preloaded intentionally. @ https://co.pinterest.com/pin-creation-tool/:0
[  349172ms] [WARNING] The resource https://i.pinimg.com/236x/f1/e8/4f/f1e84f6313f6056e9504c9688c10049a.jpg was preloaded using link preload but not used within a few seconds from the window's load event. Please make sure it has an appropriate `as` value and it is preloaded intentionally. @ https://co.pinterest.com/pin-creation-tool/:0
[  349172ms] [WARNING] The resource https://i.pinimg.com/236x/6b/9d/a4/6b9da44ea5ae73c60c1b3f1d064120c6.jpg was preloaded using link preload but not used within a few seconds from the window's load event. Please make sure it has an appropriate `as` value and it is preloaded intentionally. @ https://co.pinterest.com/pin-creation-tool/:0
[  349172ms] [WARNING] The resource https://i.pinimg.com/236x/4a/a5/2e/4aa52ea81aee43094ce3e8907abd513c.jpg was preloaded using link preload but not used within a few seconds from the window's load event. Please make sure it has an appropriate `as` value and it is preloaded intentionally. @ https://co.pinterest.com/pin-creation-tool/:0
[  431202ms] [WARNING] The resource https://i.pinimg.com/236x/11/44/34/114434511e25f358e821adeb1c6bdd72.jpg was preloaded using link preload but not used within a few seconds from the window's load event. Please make sure it has an appropriate `as` value and it is preloaded intentionally. @ https://co.pinterest.com/pin-creation-tool/:0
[  431202ms] [WARNING] The resource https://i.pinimg.com/236x/91/3e/6a/913e6a852dfb8cb71fb7c39d499e6173.jpg was preloaded using link preload but not used within a few seconds from the window's load event. Please make sure it has an appropriate `as` value and it is preloaded intentionally. @ https://co.pinterest.com/pin-creation-tool/:0
[  431202ms] [WARNING] The resource https://i.pinimg.com/236x/74/09/1e/74091eeaf8828f72ce1f9be994fc983a.jpg was preloaded using link preload but not used within a few seconds from the window's load event. Please make sure it has an appropriate `as` value and it is preloaded intentionally. @ https://co.pinterest.com/pin-creation-tool/:0
[  431202ms] [WARNING] The resource https://i.pinimg.com/236x/b5/48/2c/b5482c837f677a02616df1bc46dc4666.jpg was preloaded using link preload but not used within a few seconds from the window's load event. Please make sure it has an appropriate `as` value and it is preloaded intentionally. @ https://co.pinterest.com/pin-creation-tool/:0
[  431202ms] [WARNING] The resource https://i.pinimg.com/236x/c4/a5/e9/c4a5e9badeafedfb63f8a9f2bc8fe012.jpg was preloaded using link preload but not used within a few seconds from the window's load event. Please make sure it has an appropriate `as` value and it is preloaded intentionally. @ https://co.pinterest.com/pin-creation-tool/:0
[  431202ms] [WARNING] The resource https://i.pinimg.com/236x/e3/1f/17/e31f17b45a867a540caac1ee28b0b5b9.jpg was preloaded using link preload but not used within a few seconds from the window's load event. Please make sure it has an appropriate `as` value and it is preloaded intentionally. @ https://co.pinterest.com/pin-creation-tool/:0
[  431202ms] [WARNING] The resource https://i.pinimg.com/236x/f1/e8/4f/f1e84f6313f6056e9504c9688c10049a.jpg was preloaded using link preload but not used within a few seconds from the window's load event. Please make sure it has an appropriate `as` value and it is preloaded intentionally. @ https://co.pinterest.com/pin-creation-tool/:0
[  431202ms] [WARNING] The resource https://i.pinimg.com/236x/6b/9d/a4/6b9da44ea5ae73c60c1b3f1d064120c6.jpg was preloaded using link preload but not used within a few seconds from the window's load event. Please make sure it has an appropriate `as` value and it is preloaded intentionally. @ https://co.pinterest.com/pin-creation-tool/:0
[  431202ms] [WARNING] The resource https://i.pinimg.com/236x/4a/a5/2e/4aa52ea81aee43094ce3e8907abd513c.jpg was preloaded using link preload but not used within a few seconds from the window's load event. Please make sure it has an appropriate `as` value and it is preloaded intentionally. @ https://co.pinterest.com/pin-creation-tool/:0
[  490079ms] [WARNING] The resource https://i.pinimg.com/236x/11/44/34/114434511e25f358e821adeb1c6bdd72.jpg was preloaded using link preload but not used within a few seconds from the window's load event. Please make sure it has an appropriate `as` value and it is preloaded intentionally. @ https://co.pinterest.com/pin-creation-tool/:0
[  490079ms] [WARNING] The resource https://i.pinimg.com/236x/91/3e/6a/913e6a852dfb8cb71fb7c39d499e6173.jpg was preloaded using link preload but not used within a few seconds from the window's load event. Please make sure it has an appropriate `as` value and it is preloaded intentionally. @ https://co.pinterest.com/pin-creation-tool/:0
[  490079ms] [WARNING] The resource https://i.pinimg.com/236x/74/09/1e/74091eeaf8828f72ce1f9be994fc983a.jpg was preloaded using link preload but not used within a few seconds from the window's load event. Please make sure it has an appropriate `as` value and it is preloaded intentionally. @ https://co.pinterest.com/pin-creation-tool/:0
[  490079ms] [WARNING] The resource https://i.pinimg.com/236x/b5/48/2c/b5482c837f677a02616df1bc46dc4666.jpg was preloaded using link preload but not used within a few seconds from the window's load event. Please make sure it has an appropriate `as` value and it is preloaded intentionally. @ https://co.pinterest.com/pin-creation-tool/:0
[  490079ms] [WARNING] The resource https://i.pinimg.com/236x/c4/a5/e9/c4a5e9badeafedfb63f8a9f2bc8fe012.jpg was preloaded using link preload but not used within a few seconds from the window's load event. Please make sure it has an appropriate `as` value and it is preloaded intentionally. @ https://co.pinterest.com/pin-creation-tool/:0
[  490079ms] [WARNING] The resource https://i.pinimg.com/236x/e3/1f/17/e31f17b45a867a540caac1ee28b0b5b9.jpg was preloaded using link preload but not used within a few seconds from the window's load event. Please make sure it has an appropriate `as` value and it is preloaded intentionally. @ https://co.pinterest.com/pin-creation-tool/:0
[  490079ms] [WARNING] The resource https://i.pinimg.com/236x/f1/e8/4f/f1e84f6313f6056e9504c9688c10049a.jpg was preloaded using link preload but not used within a few seconds from the window's load event. Please make sure it has an appropriate `as` value and it is preloaded intentionally. @ https://co.pinterest.com/pin-creation-tool/:0
[  490079ms] [WARNING] The resource https://i.pinimg.com/236x/6b/9d/a4/6b9da44ea5ae73c60c1b3f1d064120c6.jpg was preloaded using link preload but not used within a few seconds from the window's load event. Please make sure it has an appropriate `as` value and it is preloaded intentionally. @ https://co.pinterest.com/pin-creation-tool/:0
[  490079ms] [WARNING] The resource https://i.pinimg.com/236x/4a/a5/2e/4aa52ea81aee43094ce3e8907abd513c.jpg was preloaded using link preload but not used within a few seconds from the window's load event. Please make sure it has an appropriate `as` value and it is preloaded intentionally. @ https://co.pinterest.com/pin-creation-tool/:0
[  508588ms] [WARNING] The resource https://i.pinimg.com/236x/11/44/34/114434511e25f358e821adeb1c6bdd72.jpg was preloaded using link preload but not used within a few seconds from the window's load event. Please make sure it has an appropriate `as` value and it is preloaded intentionally. @ https://co.pinterest.com/pin-creation-tool/:0
[  508588ms] [WARNING] The resource https://i.pinimg.com/236x/91/3e/6a/913e6a852dfb8cb71fb7c39d499e6173.jpg was preloaded using link preload but not used within a few seconds from the window's load event. Please make sure it has an appropriate `as` value and it is preloaded intentionally. @ https://co.pinterest.com/pin-creation-tool/:0
[  508588ms] [WARNING] The resource https://i.pinimg.com/236x/74/09/1e/74091eeaf8828f72ce1f9be994fc983a.jpg was preloaded using link preload but not used within a few seconds from the window's load event. Please make sure it has an appropriate `as` value and it is preloaded intentionally. @ https://co.pinterest.com/pin-creation-tool/:0
[  508588ms] [WARNING] The resource https://i.pinimg.com/236x/b5/48/2c/b5482c837f677a02616df1bc46dc4666.jpg was preloaded using link preload but not used within a few seconds from the window's load event. Please make sure it has an appropriate `as` value and it is preloaded intentionally. @ https://co.pinterest.com/pin-creation-tool/:0
[  508588ms] [WARNING] The resource https://i.pinimg.com/236x/c4/a5/e9/c4a5e9badeafedfb63f8a9f2bc8fe012.jpg was preloaded using link preload but not used within a few seconds from the window's load event. Please make sure it has an appropriate `as` value and it is preloaded intentionally. @ https://co.pinterest.com/pin-creation-tool/:0
[  508588ms] [WARNING] The resource https://i.pinimg.com/236x/e3/1f/17/e31f17b45a867a540caac1ee28b0b5b9.jpg was preloaded using link preload but not used within a few seconds from the window's load event. Please make sure it has an appropriate `as` value and it is preloaded intentionally. @ https://co.pinterest.com/pin-creation-tool/:0
[  508588ms] [WARNING] The resource https://i.pinimg.com/236x/f1/e8/4f/f1e84f6313f6056e9504c9688c10049a.jpg was preloaded using link preload but not used within a few seconds from the window's load event. Please make sure it has an appropriate `as` value and it is preloaded intentionally. @ https://co.pinterest.com/pin-creation-tool/:0
[  508588ms] [WARNING] The resource https://i.pinimg.com/236x/6b/9d/a4/6b9da44ea5ae73c60c1b3f1d064120c6.jpg was preloaded using link preload but not used within a few seconds from the window's load event. Please make sure it has an appropriate `as` value and it is preloaded intentionally. @ https://co.pinterest.com/pin-creation-tool/:0
[  508588ms] [WARNING] The resource https://i.pinimg.com/236x/4a/a5/2e/4aa52ea81aee43094ce3e8907abd513c.jpg was preloaded using link preload but not used within a few seconds from the window's load event. Please make sure it has an appropriate `as` value and it is preloaded intentionally. @ https://co.pinterest.com/pin-creation-tool/:0
[  595101ms] [WARNING] The resource https://i.pinimg.com/236x/11/44/34/114434511e25f358e821adeb1c6bdd72.jpg was preloaded using link preload but not used within a few seconds from the window's load event. Please make sure it has an appropriate `as` value and it is preloaded intentionally. @ https://co.pinterest.com/pin-creation-tool/:0
[  595101ms] [WARNING] The resource https://i.pinimg.com/236x/91/3e/6a/913e6a852dfb8cb71fb7c39d499e6173.jpg was preloaded using link preload but not used within a few seconds from the window's load event. Please make sure it has an appropriate `as` value and it is preloaded intentionally. @ https://co.pinterest.com/pin-creation-tool/:0
[  595101ms] [WARNING] The resource https://i.pinimg.com/236x/74/09/1e/74091eeaf8828f72ce1f9be994fc983a.jpg was preloaded using link preload but not used within a few seconds from the window's load event. Please make sure it has an appropriate `as` value and it is preloaded intentionally. @ https://co.pinterest.com/pin-creation-tool/:0
[  595101ms] [WARNING] The resource https://i.pinimg.com/236x/b5/48/2c/b5482c837f677a02616df1bc46dc4666.jpg was preloaded using link preload but not used within a few seconds from the window's load event. Please make sure it has an appropriate `as` value and it is preloaded intentionally. @ https://co.pinterest.com/pin-creation-tool/:0
[  595101ms] [WARNING] The resource https://i.pinimg.com/236x/c4/a5/e9/c4a5e9badeafedfb63f8a9f2bc8fe012.jpg was preloaded using link preload but not used within a few seconds from the window's load event. Please make sure it has an appropriate `as` value and it is preloaded intentionally. @ https://co.pinterest.com/pin-creation-tool/:0
[  595101ms] [WARNING] The resource https://i.pinimg.com/236x/e3/1f/17/e31f17b45a867a540caac1ee28b0b5b9.jpg was preloaded using link preload but not used within a few seconds from the window's load event. Please make sure it has an appropriate `as` value and it is preloaded intentionally. @ https://co.pinterest.com/pin-creation-tool/:0
[  595101ms] [WARNING] The resource https://i.pinimg.com/236x/f1/e8/4f/f1e84f6313f6056e9504c9688c10049a.jpg was preloaded using link preload but not used within a few seconds from the window's load event. Please make sure it has an appropriate `as` value and it is preloaded intentionally. @ https://co.pinterest.com/pin-creation-tool/:0
[  595101ms] [WARNING] The resource https://i.pinimg.com/236x/6b/9d/a4/6b9da44ea5ae73c60c1b3f1d064120c6.jpg was preloaded using link preload but not used within a few seconds from the window's load event. Please make sure it has an appropriate `as` value and it is preloaded intentionally. @ https://co.pinterest.com/pin-creation-tool/:0
[  595101ms] [WARNING] The resource https://i.pinimg.com/236x/4a/a5/2e/4aa52ea81aee43094ce3e8907abd513c.jpg was preloaded using link preload but not used within a few seconds from the window's load event. Please make sure it has an appropriate `as` value and it is preloaded intentionally. @ https://co.pinterest.com/pin-creation-tool/:0
[  600139ms] [WARNING] The resource https://i.pinimg.com/236x/11/44/34/114434511e25f358e821adeb1c6bdd72.jpg was preloaded using link preload but not used within a few seconds from the window's load event. Please make sure it has an appropriate `as` value and it is preloaded intentionally. @ https://co.pinterest.com/pin-creation-tool/:0
[  600139ms] [WARNING] The resource https://i.pinimg.com/236x/91/3e/6a/913e6a852dfb8cb71fb7c39d499e6173.jpg was preloaded using link preload but not used within a few seconds from the window's load event. Please make sure it has an appropriate `as` value and it is preloaded intentionally. @ https://co.pinterest.com/pin-creation-tool/:0
[  600140ms] [WARNING] The resource https://i.pinimg.com/236x/74/09/1e/74091eeaf8828f72ce1f9be994fc983a.jpg was preloaded using link preload but not used within a few seconds from the window's load event. Please make sure it has an appropriate `as` value and it is preloaded intentionally. @ https://co.pinterest.com/pin-creation-tool/:0
[  600141ms] [WARNING] The resource https://i.pinimg.com/236x/b5/48/2c/b5482c837f677a02616df1bc46dc4666.jpg was preloaded using link preload but not used within a few seconds from the window's load event. Please make sure it has an appropriate `as` value and it is preloaded intentionally. @ https://co.pinterest.com/pin-creation-tool/:0
[  600141ms] [WARNING] The resource https://i.pinimg.com/236x/c4/a5/e9/c4a5e9badeafedfb63f8a9f2bc8fe012.jpg was preloaded using link preload but not used within a few seconds from the window's load event. Please make sure it has an appropriate `as` value and it is preloaded intentionally. @ https://co.pinterest.com/pin-creation-tool/:0
[  600141ms] [WARNING] The resource https://i.pinimg.com/236x/e3/1f/17/e31f17b45a867a540caac1ee28b0b5b9.jpg was preloaded using link preload but not used within a few seconds from the window's load event. Please make sure it has an appropriate `as` value and it is preloaded intentionally. @ https://co.pinterest.com/pin-creation-tool/:0
[  600141ms] [WARNING] The resource https://i.pinimg.com/236x/f1/e8/4f/f1e84f6313f6056e9504c9688c10049a.jpg was preloaded using link preload but not used within a few seconds from the window's load event. Please make sure it has an appropriate `as` value and it is preloaded intentionally. @ https://co.pinterest.com/pin-creation-tool/:0
[  600141ms] [WARNING] The resource https://i.pinimg.com/236x/6b/9d/a4/6b9da44ea5ae73c60c1b3f1d064120c6.jpg was preloaded using link preload but not used within a few seconds from the window's load event. Please make sure it has an appropriate `as` value and it is preloaded intentionally. @ https://co.pinterest.com/pin-creation-tool/:0
[  600141ms] [WARNING] The resource https://i.pinimg.com/236x/4a/a5/2e/4aa52ea81aee43094ce3e8907abd513c.jpg was preloaded using link preload but not used within a few seconds from the window's load event. Please make sure it has an appropriate `as` value and it is preloaded intentionally. @ https://co.pinterest.com/pin-creation-tool/:0
[  646343ms] [ERROR] Failed to load resource: the server responded with a status of 403 () @ https://i.pinimg.com/originals/b0/0a/02/b00a023c128f89c5ac853c094029d8e8.jpg:0
[  648818ms] [ERROR] Failed to load resource: the server responded with a status of 403 () @ https://i.pinimg.com/originals/28/6a/b0/286ab03ade1e267ba54da25cd2910aa8.jpg:0
[  650962ms] [ERROR] Failed to load resource: the server responded with a status of 403 () @ https://i.pinimg.com/originals/ad/23/9f/ad239fc7c5a3fcd82d068db8bdd6a454.jpg:0
[  659042ms] [ERROR] Failed to load resource: the server responded with a status of 403 () @ https://i.pinimg.com/originals/ad/23/9f/ad239fc7c5a3fcd82d068db8bdd6a454.jpg:0
[  660969ms] [ERROR] Failed to load resource: the server responded with a status of 403 () @ https://i.pinimg.com/originals/28/6a/b0/286ab03ade1e267ba54da25cd2910aa8.jpg:0
[  662783ms] [ERROR] Failed to load resource: the server responded with a status of 403 () @ https://i.pinimg.com/originals/b0/0a/02/b00a023c128f89c5ac853c094029d8e8.jpg:0
[  664255ms] [ERROR] Failed to load resource: the server responded with a status of 403 () @ https://i.pinimg.com/originals/36/5d/81/365d814fde2d87192ef218001852a09f.jpg:0
[  667499ms] [ERROR] Failed to load resource: the server responded with a status of 403 () @ https://i.pinimg.com/originals/ad/23/9f/ad239fc7c5a3fcd82d068db8bdd6a454.jpg:0
[  669759ms] [ERROR] Failed to load resource: the server responded with a status of 403 () @ https://i.pinimg.com/originals/b0/0a/02/b00a023c128f89c5ac853c094029d8e8.jpg:0
[  682805ms] [WARNING] The resource https://i.pinimg.com/236x/11/44/34/114434511e25f358e821adeb1c6bdd72.jpg was preloaded using link preload but not used within a few seconds from the window's load event. Please make sure it has an appropriate `as` value and it is preloaded intentionally. @ https://co.pinterest.com/pin-creation-tool/:0
[  682805ms] [WARNING] The resource https://i.pinimg.com/236x/91/3e/6a/913e6a852dfb8cb71fb7c39d499e6173.jpg was preloaded using link preload but not used within a few seconds from the window's load event. Please make sure it has an appropriate `as` value and it is preloaded intentionally. @ https://co.pinterest.com/pin-creation-tool/:0
[  682805ms] [WARNING] The resource https://i.pinimg.com/236x/74/09/1e/74091eeaf8828f72ce1f9be994fc983a.jpg was preloaded using link preload but not used within a few seconds from the window's load event. Please make sure it has an appropriate `as` value and it is preloaded intentionally. @ https://co.pinterest.com/pin-creation-tool/:0
[  682805ms] [WARNING] The resource https://i.pinimg.com/236x/b5/48/2c/b5482c837f677a02616df1bc46dc4666.jpg was preloaded using link preload but not used within a few seconds from the window's load event. Please make sure it has an appropriate `as` value and it is preloaded intentionally. @ https://co.pinterest.com/pin-creation-tool/:0
[  682805ms] [WARNING] The resource https://i.pinimg.com/236x/c4/a5/e9/c4a5e9badeafedfb63f8a9f2bc8fe012.jpg was preloaded using link preload but not used within a few seconds from the window's load event. Please make sure it has an appropriate `as` value and it is preloaded intentionally. @ https://co.pinterest.com/pin-creation-tool/:0
[  682805ms] [WARNING] The resource https://i.pinimg.com/236x/e3/1f/17/e31f17b45a867a540caac1ee28b0b5b9.jpg was preloaded using link preload but not used within a few seconds from the window's load event. Please make sure it has an appropriate `as` value and it is preloaded intentionally. @ https://co.pinterest.com/pin-creation-tool/:0
[  682805ms] [WARNING] The resource https://i.pinimg.com/236x/f1/e8/4f/f1e84f6313f6056e9504c9688c10049a.jpg was preloaded using link preload but not used within a few seconds from the window's load event. Please make sure it has an appropriate `as` value and it is preloaded intentionally. @ https://co.pinterest.com/pin-creation-tool/:0
[  682805ms] [WARNING] The resource https://i.pinimg.com/236x/6b/9d/a4/6b9da44ea5ae73c60c1b3f1d064120c6.jpg was preloaded using link preload but not used within a few seconds from the window's load event. Please make sure it has an appropriate `as` value and it is preloaded intentionally. @ https://co.pinterest.com/pin-creation-tool/:0
[  682805ms] [WARNING] The resource https://i.pinimg.com/236x/4a/a5/2e/4aa52ea81aee43094ce3e8907abd513c.jpg was preloaded using link preload but not used within a few seconds from the window's load event. Please make sure it has an appropriate `as` value and it is preloaded intentionally. @ https://co.pinterest.com/pin-creation-tool/:0
[  915486ms] [WARNING] The resource https://i.pinimg.com/236x/11/44/34/114434511e25f358e821adeb1c6bdd72.jpg was preloaded using link preload but not used within a few seconds from the window's load event. Please make sure it has an appropriate `as` value and it is preloaded intentionally. @ https://co.pinterest.com/pin-creation-tool/:0
[  915487ms] [WARNING] The resource https://i.pinimg.com/236x/91/3e/6a/913e6a852dfb8cb71fb7c39d499e6173.jpg was preloaded using link preload but not used within a few seconds from the window's load event. Please make sure it has an appropriate `as` value and it is preloaded intentionally. @ https://co.pinterest.com/pin-creation-tool/:0
[  915487ms] [WARNING] The resource https://i.pinimg.com/236x/74/09/1e/74091eeaf8828f72ce1f9be994fc983a.jpg was preloaded using link preload but not used within a few seconds from the window's load event. Please make sure it has an appropriate `as` value and it is preloaded intentionally. @ https://co.pinterest.com/pin-creation-tool/:0
[  915487ms] [WARNING] The resource https://i.pinimg.com/236x/b5/48/2c/b5482c837f677a02616df1bc46dc4666.jpg was preloaded using link preload but not used within a few seconds from the window's load event. Please make sure it has an appropriate `as` value and it is preloaded intentionally. @ https://co.pinterest.com/pin-creation-tool/:0
[  915487ms] [WARNING] The resource https://i.pinimg.com/236x/c4/a5/e9/c4a5e9badeafedfb63f8a9f2bc8fe012.jpg was preloaded using link preload but not used within a few seconds from the window's load event. Please make sure it has an appropriate `as` value and it is preloaded intentionally. @ https://co.pinterest.com/pin-creation-tool/:0
[  915487ms] [WARNING] The resource https://i.pinimg.com/236x/e3/1f/17/e31f17b45a867a540caac1ee28b0b5b9.jpg was preloaded using link preload but not used within a few seconds from the window's load event. Please make sure it has an appropriate `as` value and it is preloaded intentionally. @ https://co.pinterest.com/pin-creation-tool/:0
[  915488ms] [WARNING] The resource https://i.pinimg.com/236x/f1/e8/4f/f1e84f6313f6056e9504c9688c10049a.jpg was preloaded using link preload but not used within a few seconds from the window's load event. Please make sure it has an appropriate `as` value and it is preloaded intentionally. @ https://co.pinterest.com/pin-creation-tool/:0
[  915488ms] [WARNING] The resource https://i.pinimg.com/236x/6b/9d/a4/6b9da44ea5ae73c60c1b3f1d064120c6.jpg was preloaded using link preload but not used within a few seconds from the window's load event. Please make sure it has an appropriate `as` value and it is preloaded intentionally. @ https://co.pinterest.com/pin-creation-tool/:0
[  915488ms] [WARNING] The resource https://i.pinimg.com/236x/4a/a5/2e/4aa52ea81aee43094ce3e8907abd513c.jpg was preloaded using link preload but not used within a few seconds from the window's load event. Please make sure it has an appropriate `as` value and it is preloaded intentionally. @ https://co.pinterest.com/pin-creation-tool/:0
[ 1359160ms] [ERROR] Failed to load resource: the server responded with a status of 403 () @ https://i.pinimg.com/originals/28/6a/b0/286ab03ade1e267ba54da25cd2910aa8.jpg:0
[ 1372177ms] [WARNING] The resource https://i.pinimg.com/236x/11/44/34/114434511e25f358e821adeb1c6bdd72.jpg was preloaded using link preload but not used within a few seconds from the window's load event. Please make sure it has an appropriate `as` value and it is preloaded intentionally. @ https://co.pinterest.com/pin-creation-tool/:0
[ 1372177ms] [WARNING] The resource https://i.pinimg.com/236x/91/3e/6a/913e6a852dfb8cb71fb7c39d499e6173.jpg was preloaded using link preload but not used within a few seconds from the window's load event. Please make sure it has an appropriate `as` value and it is preloaded intentionally. @ https://co.pinterest.com/pin-creation-tool/:0
[ 1372177ms] [WARNING] The resource https://i.pinimg.com/236x/74/09/1e/74091eeaf8828f72ce1f9be994fc983a.jpg was preloaded using link preload but not used within a few seconds from the window's load event. Please make sure it has an appropriate `as` value and it is preloaded intentionally. @ https://co.pinterest.com/pin-creation-tool/:0
[ 1372177ms] [WARNING] The resource https://i.pinimg.com/236x/b5/48/2c/b5482c837f677a02616df1bc46dc4666.jpg was preloaded using link preload but not used within a few seconds from the window's load event. Please make sure it has an appropriate `as` value and it is preloaded intentionally. @ https://co.pinterest.com/pin-creation-tool/:0
[ 1372178ms] [WARNING] The resource https://i.pinimg.com/236x/c4/a5/e9/c4a5e9badeafedfb63f8a9f2bc8fe012.jpg was preloaded using link preload but not used within a few seconds from the window's load event. Please make sure it has an appropriate `as` value and it is preloaded intentionally. @ https://co.pinterest.com/pin-creation-tool/:0
[ 1372178ms] [WARNING] The resource https://i.pinimg.com/236x/e3/1f/17/e31f17b45a867a540caac1ee28b0b5b9.jpg was preloaded using link preload but not used within a few seconds from the window's load event. Please make sure it has an appropriate `as` value and it is preloaded intentionally. @ https://co.pinterest.com/pin-creation-tool/:0
[ 1372178ms] [WARNING] The resource https://i.pinimg.com/236x/f1/e8/4f/f1e84f6313f6056e9504c9688c10049a.jpg was preloaded using link preload but not used within a few seconds from the window's load event. Please make sure it has an appropriate `as` value and it is preloaded intentionally. @ https://co.pinterest.com/pin-creation-tool/:0
[ 1372178ms] [WARNING] The resource https://i.pinimg.com/236x/6b/9d/a4/6b9da44ea5ae73c60c1b3f1d064120c6.jpg was preloaded using link preload but not used within a few seconds from the window's load event. Please make sure it has an appropriate `as` value and it is preloaded intentionally. @ https://co.pinterest.com/pin-creation-tool/:0
[ 1372178ms] [WARNING] The resource https://i.pinimg.com/236x/4a/a5/2e/4aa52ea81aee43094ce3e8907abd513c.jpg was preloaded using link preload but not used within a few seconds from the window's load event. Please make sure it has an appropriate `as` value and it is preloaded intentionally. @ https://co.pinterest.com/pin-creation-tool/:0
[ 1390336ms] [ERROR] Failed to load resource: the server responded with a status of 403 () @ https://i.pinimg.com/originals/5a/ce/43/5ace43113d6b631f803e0390601789b7.jpg:0
[ 1403434ms] [WARNING] The resource https://i.pinimg.com/236x/11/44/34/114434511e25f358e821adeb1c6bdd72.jpg was preloaded using link preload but not used within a few seconds from the window's load event. Please make sure it has an appropriate `as` value and it is preloaded intentionally. @ https://co.pinterest.com/pin-creation-tool/:0
[ 1403436ms] [WARNING] The resource https://i.pinimg.com/236x/91/3e/6a/913e6a852dfb8cb71fb7c39d499e6173.jpg was preloaded using link preload but not used within a few seconds from the window's load event. Please make sure it has an appropriate `as` value and it is preloaded intentionally. @ https://co.pinterest.com/pin-creation-tool/:0
[ 1403436ms] [WARNING] The resource https://i.pinimg.com/236x/74/09/1e/74091eeaf8828f72ce1f9be994fc983a.jpg was preloaded using link preload but not used within a few seconds from the window's load event. Please make sure it has an appropriate `as` value and it is preloaded intentionally. @ https://co.pinterest.com/pin-creation-tool/:0
[ 1403436ms] [WARNING] The resource https://i.pinimg.com/236x/b5/48/2c/b5482c837f677a02616df1bc46dc4666.jpg was preloaded using link preload but not used within a few seconds from the window's load event. Please make sure it has an appropriate `as` value and it is preloaded intentionally. @ https://co.pinterest.com/pin-creation-tool/:0
[ 1403436ms] [WARNING] The resource https://i.pinimg.com/236x/c4/a5/e9/c4a5e9badeafedfb63f8a9f2bc8fe012.jpg was preloaded using link preload but not used within a few seconds from the window's load event. Please make sure it has an appropriate `as` value and it is preloaded intentionally. @ https://co.pinterest.com/pin-creation-tool/:0
[ 1403436ms] [WARNING] The resource https://i.pinimg.com/236x/e3/1f/17/e31f17b45a867a540caac1ee28b0b5b9.jpg was preloaded using link preload but not used within a few seconds from the window's load event. Please make sure it has an appropriate `as` value and it is preloaded intentionally. @ https://co.pinterest.com/pin-creation-tool/:0
[ 1403436ms] [WARNING] The resource https://i.pinimg.com/236x/f1/e8/4f/f1e84f6313f6056e9504c9688c10049a.jpg was preloaded using link preload but not used within a few seconds from the window's load event. Please make sure it has an appropriate `as` value and it is preloaded intentionally. @ https://co.pinterest.com/pin-creation-tool/:0
[ 1403436ms] [WARNING] The resource https://i.pinimg.com/236x/6b/9d/a4/6b9da44ea5ae73c60c1b3f1d064120c6.jpg was preloaded using link preload but not used within a few seconds from the window's load event. Please make sure it has an appropriate `as` value and it is preloaded intentionally. @ https://co.pinterest.com/pin-creation-tool/:0
[ 1403436ms] [WARNING] The resource https://i.pinimg.com/236x/4a/a5/2e/4aa52ea81aee43094ce3e8907abd513c.jpg was preloaded using link preload but not used within a few seconds from the window's load event. Please make sure it has an appropriate `as` value and it is preloaded intentionally. @ https://co.pinterest.com/pin-creation-tool/:0
[ 1557230ms] [WARNING] The resource https://i.pinimg.com/236x/11/44/34/114434511e25f358e821adeb1c6bdd72.jpg was preloaded using link preload but not used within a few seconds from the window's load event. Please make sure it has an appropriate `as` value and it is preloaded intentionally. @ https://co.pinterest.com/pin-creation-tool/:0
[ 1557230ms] [WARNING] The resource https://i.pinimg.com/236x/91/3e/6a/913e6a852dfb8cb71fb7c39d499e6173.jpg was preloaded using link preload but not used within a few seconds from the window's load event. Please make sure it has an appropriate `as` value and it is preloaded intentionally. @ https://co.pinterest.com/pin-creation-tool/:0
[ 1557230ms] [WARNING] The resource https://i.pinimg.com/236x/74/09/1e/74091eeaf8828f72ce1f9be994fc983a.jpg was preloaded using link preload but not used within a few seconds from the window's load event. Please make sure it has an appropriate `as` value and it is preloaded intentionally. @ https://co.pinterest.com/pin-creation-tool/:0
[ 1557230ms] [WARNING] The resource https://i.pinimg.com/236x/b5/48/2c/b5482c837f677a02616df1bc46dc4666.jpg was preloaded using link preload but not used within a few seconds from the window's load event. Please make sure it has an appropriate `as` value and it is preloaded intentionally. @ https://co.pinterest.com/pin-creation-tool/:0
[ 1557230ms] [WARNING] The resource https://i.pinimg.com/236x/c4/a5/e9/c4a5e9badeafedfb63f8a9f2bc8fe012.jpg was preloaded using link preload but not used within a few seconds from the window's load event. Please make sure it has an appropriate `as` value and it is preloaded intentionally. @ https://co.pinterest.com/pin-creation-tool/:0
[ 1557230ms] [WARNING] The resource https://i.pinimg.com/236x/e3/1f/17/e31f17b45a867a540caac1ee28b0b5b9.jpg was preloaded using link preload but not used within a few seconds from the window's load event. Please make sure it has an appropriate `as` value and it is preloaded intentionally. @ https://co.pinterest.com/pin-creation-tool/:0
[ 1557230ms] [WARNING] The resource https://i.pinimg.com/236x/f1/e8/4f/f1e84f6313f6056e9504c9688c10049a.jpg was preloaded using link preload but not used within a few seconds from the window's load event. Please make sure it has an appropriate `as` value and it is preloaded intentionally. @ https://co.pinterest.com/pin-creation-tool/:0
[ 1557230ms] [WARNING] The resource https://i.pinimg.com/236x/6b/9d/a4/6b9da44ea5ae73c60c1b3f1d064120c6.jpg was preloaded using link preload but not used within a few seconds from the window's load event. Please make sure it has an appropriate `as` value and it is preloaded intentionally. @ https://co.pinterest.com/pin-creation-tool/:0
[ 1557230ms] [WARNING] The resource https://i.pinimg.com/236x/4a/a5/2e/4aa52ea81aee43094ce3e8907abd513c.jpg was preloaded using link preload but not used within a few seconds from the window's load event. Please make sure it has an appropriate `as` value and it is preloaded intentionally. @ https://co.pinterest.com/pin-creation-tool/:0
