[     659ms] Uncaught (in promise) TypeError: Cannot read properties of null (reading 'querySelectorAll')
    at <anonymous> (https://www.redditstatic.com/ads/pixel.js:0:50376)
    at <anonymous> (https://www.redditstatic.com/ads/pixel.js:0:47918)
    at <anonymous> (https://www.redditstatic.com/ads/pixel.js:0:48761)
    at ae (https://www.redditstatic.com/ads/pixel.js:0:49960)
    at u (https://www.redditstatic.com/ads/pixel.js:0:50929)
    at <anonymous> (https://www.redditstatic.com/ads/pixel.js:0:50990)
    at le (https://www.redditstatic.com/ads/pixel.js:0:50870)
    at le (https://www.redditstatic.com/ads/pixel.js:0:51006)
    at ce (https://www.redditstatic.com/ads/pixel.js:0:50208)
    at <anonymous> (https://www.redditstatic.com/ads/pixel.js:0:59229)
    at <anonymous> (https://www.redditstatic.com/ads/pixel.js:0:57458)
    at <anonymous> (https://www.redditstatic.com/ads/pixel.js:0:58301)
    at je (https://www.redditstatic.com/ads/pixel.js:0:58483)
    at u (https://www.redditstatic.com/ads/pixel.js:0:58686)
    at <anonymous> (https://www.redditstatic.com/ads/pixel.js:0:58747)
    at <anonymous> (https://www.redditstatic.com/ads/pixel.js:0:58627)
    at De (https://www.redditstatic.com/ads/pixel.js:0:59396)
    at ke (https://www.redditstatic.com/ads/pixel.js:0:59078)
    at <anonymous> (https://www.redditstatic.com/ads/pixel.js:0:56135)
    at <anonymous> (https://www.redditstatic.com/ads/pixel.js:0:53989)
    at <anonymous> (https://www.redditstatic.com/ads/pixel.js:0:54832)
    at Se (https://www.redditstatic.com/ads/pixel.js:0:55014)
    at u (https://www.redditstatic.com/ads/pixel.js:0:55217)
    at <anonymous> (https://www.redditstatic.com/ads/pixel.js:0:55278)
    at <anonymous> (https://www.redditstatic.com/ads/pixel.js:0:55158)
[     660ms] Uncaught (in promise) TypeError: Cannot read properties of null (reading 'querySelectorAll')
    at <anonymous> (https://www.redditstatic.com/ads/pixel.js:0:39258)
    at <anonymous> (https://www.redditstatic.com/ads/pixel.js:0:34965)
    at <anonymous> (https://www.redditstatic.com/ads/pixel.js:0:35808)
    at ct (https://www.redditstatic.com/ads/pixel.js:0:37461)
    at u (https://www.redditstatic.com/ads/pixel.js:0:39613)
    at <anonymous> (https://www.redditstatic.com/ads/pixel.js:0:39674)
    at Ct (https://www.redditstatic.com/ads/pixel.js:0:39554)
    at Ct (https://www.redditstatic.com/ads/pixel.js:0:39690)
    at xt (https://www.redditstatic.com/ads/pixel.js:0:39094)
    at <anonymous> (https://www.redditstatic.com/ads/pixel.js:0:59595)
    at <anonymous> (https://www.redditstatic.com/ads/pixel.js:0:57458)
    at <anonymous> (https://www.redditstatic.com/ads/pixel.js:0:58301)
    at je (https://www.redditstatic.com/ads/pixel.js:0:58483)
    at u (https://www.redditstatic.com/ads/pixel.js:0:58686)
    at <anonymous> (https://www.redditstatic.com/ads/pixel.js:0:58747)
    at <anonymous> (https://www.redditstatic.com/ads/pixel.js:0:58627)
    at Ue (https://www.redditstatic.com/ads/pixel.js:0:59774)
    at Ge (https://www.redditstatic.com/ads/pixel.js:0:59442)
    at <anonymous> (https://www.redditstatic.com/ads/pixel.js:0:56135)
    at <anonymous> (https://www.redditstatic.com/ads/pixel.js:0:53989)
    at <anonymous> (https://www.redditstatic.com/ads/pixel.js:0:54832)
    at Se (https://www.redditstatic.com/ads/pixel.js:0:55014)
    at u (https://www.redditstatic.com/ads/pixel.js:0:55217)
    at <anonymous> (https://www.redditstatic.com/ads/pixel.js:0:55278)
    at <anonymous> (https://www.redditstatic.com/ads/pixel.js:0:55158)
[     924ms] [WARNING] [Meta Pixel] - Duplicate Pixel ID: 930987978489178. @ https://connect.facebook.net/en_US/fbevents.js:187
[    6129ms] [ERROR] Failed to load resource: the server responded with a status of 400 () @ https://api.canny.io/api/users/identify:0
[    6129ms] [WARNING] Canny: Something went wrong identifying user:  server error @ https://canny.io/sdk.js:0
[    8813ms] [ERROR] Access to XMLHttpRequest at 'https://d.adroll.com/segment/7LB2ILMLV5HCZLHMN6LMKV/S6OWGLY3PJHCPN7SCTPUBC?af0=5562f0f4&adroll_fpc=9d15874fe65af19018341b0804ed50fb-1785259217587&pv=18968374073.549686&arrfrr=https%3A%2F%2Fdashboard.mailerlite.com%2Fforms%2Fembedded&cookie=S6OWGLY3PJHCPN7SCTPUBC%3A40%7C7LB2ILMLV5HCZLHMN6LMKV%3A40&adroll_s_ref=&keyw=&p0=371&adroll_external_data=&adroll_version=2.0' from origin 'https://dashboard.mailerlite.com' has been blocked by CORS policy: No 'Access-Control-Allow-Origin' header is present on the requested resource. @ https://dashboard.mailerlite.com/forms/embedded:0
[    8813ms] [ERROR] Failed to load resource: net::ERR_FAILED @ https://d.adroll.com/segment/7LB2ILMLV5HCZLHMN6LMKV/S6OWGLY3PJHCPN7SCTPUBC?af0=5562f0f4&adroll_fpc=9d15874fe65af19018341b0804ed50fb-1785259217587&pv=18968374073.549686&arrfrr=https%3A%2F%2Fdashboard.mailerlite.com%2Fforms%2Fembedded&cookie=S6OWGLY3PJHCPN7SCTPUBC%3A40%7C7LB2ILMLV5HCZLHMN6LMKV%3A40&adroll_s_ref=&keyw=&p0=371&adroll_external_data=&adroll_version=2.0:0
