[     859ms] [ERROR] Executing inline script violates the following Content Security Policy directive 'script-src 'self' 'unsafe-inline' https://*.twimg.com https://recaptcha.net/recaptcha/ http://www.gstatic.com/cast/sdk/libs/caf_receiver/v3/cast_receiver_framework.js https://accounts.google.com/gsi/client https://apis.google.com/js/api.js https://appleid.cdn-apple.com/appleauth/static/jsapi/appleid/1/en_US/appleid.auth.js https://client-api.arkoselabs.com/ https://static.ads-twitter.com https://twitter.com https://www.google-analytics.com https://www.gstatic.com/cast/sdk/libs/caf_receiver/v3/cast_receiver_framework.js https://x.com https://sdn.payments-dev.x.com/assets/loader.min.js https://sdn.payments-staging.x.com/assets/loader.min.js https://sdn.payments-prod.x.com/assets/loader.min.js https://sdn.money-dev.x.com/assets/loader.min.js https://sdn.money-staging.x.com/assets/loader.min.js https://sdn.money.x.com/assets/loader.min.js https://sdk.dv.socure.io/latest/device-risk-sdk.js https://cdn.plaid.com/link/v2/stable/link-initialize.js https://payments-dev.x.com/customer/wasm/xxp-forward-with-sdk.js https://payments-staging.x.com/customer/wasm/xxp-forward-with-sdk.js https://payments-prod.x.com/customer/wasm/xxp-forward-with-sdk.js https://money-dev.x.com/customer/wasm/xxp-forward-with-sdk.js https://money-staging.x.com/customer/wasm/xxp-forward-with-sdk.js https://money.x.com/customer/wasm/xxp-forward-with-sdk.js https://js.stripe.com https://*.js.stripe.com https://cdn.getpinwheel.com/pinwheel-v3.2.1.js https://securepubads.g.doubleclick.net https://www.googletagservices.com https://*.googletagservices.com https://pagead2.googlesyndication.com https://adservice.google.com https://www.googleadservices.com https://ads.google.com https://tpc.googlesyndication.com https://*.tpc.googlesyndication.com https://googleads.g.doubleclick.net https://app.intercom.io https://widget.intercom.io https://js.intercomcdn.com 'wasm-unsafe-eval'  'nonce-NWVhMTE4NzQtOWU2YS00MWZkLWE5ZGUtNjkyYzhmN2JkZjY0''. Note that 'unsafe-inline' is ignored if either a hash or nonce value is present in the source list. The action has been blocked. @ about:srcdoc:0
[     907ms] [WARNING] [GPT] PubAdsService.enableSingleRequest is deprecated, use googletag.setConfig({singleRequest: ...}) instead.
https://goo.gle/gpt-message#170 @ https://securepubads.g.doubleclick.net/pagead/managed/js/gpt/m202607240101/pubads_impl.js?cb=31099964:18
[    1781ms] [INFO] Banner not shown: beforeinstallpromptevent.preventDefault() called. The page must call beforeinstallpromptevent.prompt() to show the banner. @ https://x.com/compose/post:0
[   25648ms] [LOG] Button disabled: false @ :0
[   25648ms] [LOG] Button classes: css-175oi2r r-sdzlij r-1phboty r-rs99b7 r-lrvibr r-2yi16 r-1qi8awa r-3pj75a r-1loqt21 r-o7ynqc r-6416eg r-1ny4l3l @ :0
[   25648ms] [LOG] Button aria-disabled: null @ :0
[   26882ms] Uncaught TypeError: Cannot read properties of null (reading 'addEventListener')
    at L (https://pagead2.googlesyndication.com/pagead/js/r20260728/r20110914/abg_lite_fy2021.js:16:1068)
    at Mb (https://pagead2.googlesyndication.com/pagead/js/r20260728/r20110914/abg_lite_fy2021.js:30:193)
    at Sb (https://pagead2.googlesyndication.com/pagead/js/r20260728/r20110914/abg_lite_fy2021.js:33:275)
    at Vb (https://pagead2.googlesyndication.com/pagead/js/r20260728/r20110914/abg_lite_fy2021.js:35:1638)
    at Tb (https://pagead2.googlesyndication.com/pagead/js/r20260728/r20110914/abg_lite_fy2021.js:35:227)
    at Ub (https://pagead2.googlesyndication.com/pagead/js/r20260728/r20110914/abg_lite_fy2021.js:35:476)
    at bc (https://pagead2.googlesyndication.com/pagead/js/r20260728/r20110914/abg_lite_fy2021.js:35:1314)
    at <anonymous> (https://pagead2.googlesyndication.com/pagead/js/r20260728/r20110914/abg_lite_fy2021.js:35:1925)
    at <anonymous> (https://pagead2.googlesyndication.com/pagead/js/r20260728/r20110914/abg_lite_fy2021.js:35:2118)
[   27076ms] [ERROR] Attestation check for Attribution Reporting on https://ad.doubleclick.net failed. @ https://x.com/home:0
[   27082ms] [ERROR] Attestation check for Attribution Reporting on https://ad.doubleclick.net failed. @ https://x.com/home:0
[   27744ms] [TIMEEND] a: 0.007080078125 ms @ https://static.adsafeprotected.com/sca.17.6.4.js:31
